// Jest Snapshot v1, https://goo.gl/fbAQLP

exports[`part 1 #findLargestFiniteArea given "part-1-case-1.txt" it matches snapshot after growing 1`] = `
"00000.2222
00000.2222
0003342222
0033342222
..33344222
11.3444422
111.4444..
111.444555
111.445555
111.555555
111.555555"
`;

exports[`part 1 #findLargestFiniteArea given "part-1-case-1.txt" it matches snapshot from plotting initial points 1`] = `
"..........
.0........
..........
........2.
...3......
.....4....
.1........
..........
..........
........5.
.........."
`;
