// Jest Snapshot v1, https://goo.gl/fbAQLP

exports[`#toGuardRecord given input.txt it matches snapshot 1`] = `
Array [
  Object {
    "date": "1518-03-07T05:52:36.000Z",
    "id": 1291,
    "note": "begins shift",
  },
  Object {
    "date": "1518-03-07T06:09:36.000Z",
    "note": "falls asleep",
  },
  Object {
    "date": "1518-03-07T06:17:36.000Z",
    "note": "wakes up",
  },
  Object {
    "date": "1518-03-08T05:53:36.000Z",
    "id": 773,
    "note": "begins shift",
  },
  Object {
    "date": "1518-03-08T05:59:36.000Z",
    "note": "falls asleep",
  },
  Object {
    "date": "1518-03-08T06:35:36.000Z",
    "note": "wakes up",
  },
  Object {
    "date": "1518-03-09T05:47:36.000Z",
    "id": 863,
    "note": "begins shift",
  },
  Object {
    "date": "1518-03-09T06:23:36.000Z",
    "note": "falls asleep",
  },
  Object {
    "date": "1518-03-09T06:31:36.000Z",
    "note": "wakes up",
  },
  Object {
    "date": "1518-03-10T05:53:36.000Z",
    "id": 3191,
    "note": "begins shift",
  },
  Object {
    "date": "1518-03-10T06:45:36.000Z",
    "note": "falls asleep",
  },
  Object {
    "date": "1518-03-10T06:46:36.000Z",
    "note": "wakes up",
  },
  Object {
    "date": "1518-03-11T05:47:36.000Z",
    "id": 2791,
    "note": "begins shift",
  },
  Object {
    "date": "1518-03-11T06:34:36.000Z",
    "note": "falls asleep",
  },
  Object {
    "date": "1518-03-11T06:48:36.000Z",
    "note": "wakes up",
  },
  Object {
    "date": "1518-03-12T05:49:36.000Z",
    "id": 2749,
    "note": "begins shift",
  },
  Object {
    "date": "1518-03-12T06:06:36.000Z",
    "note": "falls asleep",
  },
  Object {
    "date": "1518-03-12T06:21:36.000Z",
    "note": "wakes up",
  },
  Object {
    "date": "1518-03-12T06:36:36.000Z",
    "note": "falls asleep",
  },
  Object {
    "date": "1518-03-12T06:37:36.000Z",
    "note": "wakes up",
  },
  Object {
    "date": "1518-03-13T05:53:36.000Z",
    "id": 2539,
    "note": "begins shift",
  },
  Object {
    "date": "1518-03-13T06:18:36.000Z",
    "note": "falls asleep",
  },
  Object {
    "date": "1518-03-13T06:35:36.000Z",
    "note": "wakes up",
  },
  Object {
    "date": "1518-03-14T05:52:36.000Z",
    "id": 3257,
    "note": "begins shift",
  },
  Object {
    "date": "1518-03-14T06:16:36.000Z",
    "note": "falls asleep",
  },
  Object {
    "date": "1518-03-14T06:29:36.000Z",
    "note": "wakes up",
  },
  Object {
    "date": "1518-03-14T06:38:36.000Z",
    "note": "falls asleep",
  },
  Object {
    "date": "1518-03-14T06:49:36.000Z",
    "note": "wakes up",
  },
  Object {
    "date": "1518-03-15T05:50:36.000Z",
    "id": 269,
    "note": "begins shift",
  },
  Object {
    "date": "1518-03-15T06:12:36.000Z",
    "note": "falls asleep",
  },
  Object {
    "date": "1518-03-15T06:19:36.000Z",
    "note": "wakes up",
  },
  Object {
    "date": "1518-03-15T06:28:36.000Z",
    "note": "falls asleep",
  },
  Object {
    "date": "1518-03-15T06:46:36.000Z",
    "note": "wakes up",
  },
  Object {
    "date": "1518-03-16T05:40:36.000Z",
    "id": 3557,
    "note": "begins shift",
  },
  Object {
    "date": "1518-03-16T05:50:36.000Z",
    "note": "falls asleep",
  },
  Object {
    "date": "1518-03-16T06:12:36.000Z",
    "note": "wakes up",
  },
  Object {
    "date": "1518-03-16T06:29:36.000Z",
    "note": "falls asleep",
  },
  Object {
    "date": "1518-03-16T06:48:36.000Z",
    "note": "wakes up",
  },
  Object {
    "date": "1518-03-17T05:50:36.000Z",
    "id": 1237,
    "note": "begins shift",
  },
  Object {
    "date": "1518-03-17T06:16:36.000Z",
    "note": "falls asleep",
  },
  Object {
    "date": "1518-03-17T06:27:36.000Z",
    "note": "wakes up",
  },
  Object {
    "date": "1518-03-17T06:31:36.000Z",
    "note": "falls asleep",
  },
  Object {
    "date": "1518-03-17T06:45:36.000Z",
    "note": "wakes up",
  },
  Object {
    "date": "1518-03-18T05:49:36.000Z",
    "id": 269,
    "note": "begins shift",
  },
  Object {
    "date": "1518-03-18T06:16:36.000Z",
    "note": "falls asleep",
  },
  Object {
    "date": "1518-03-18T06:41:36.000Z",
    "note": "wakes up",
  },
  Object {
    "date": "1518-03-19T05:50:36.000Z",
    "id": 2251,
    "note": "begins shift",
  },
  Object {
    "date": "1518-03-19T06:44:36.000Z",
    "note": "falls asleep",
  },
  Object {
    "date": "1518-03-19T06:47:36.000Z",
    "note": "wakes up",
  },
  Object {
    "date": "1518-03-20T05:51:36.000Z",
    "id": 863,
    "note": "begins shift",
  },
  Object {
    "date": "1518-03-20T06:01:36.000Z",
    "note": "falls asleep",
  },
  Object {
    "date": "1518-03-20T06:21:36.000Z",
    "note": "wakes up",
  },
  Object {
    "date": "1518-03-20T06:32:36.000Z",
    "note": "falls asleep",
  },
  Object {
    "date": "1518-03-20T06:45:36.000Z",
    "note": "wakes up",
  },
  Object {
    "date": "1518-03-21T05:49:36.000Z",
    "id": 1291,
    "note": "begins shift",
  },
  Object {
    "date": "1518-03-21T06:18:36.000Z",
    "note": "falls asleep",
  },
  Object {
    "date": "1518-03-21T06:22:36.000Z",
    "note": "wakes up",
  },
  Object {
    "date": "1518-03-21T06:30:36.000Z",
    "note": "falls asleep",
  },
  Object {
    "date": "1518-03-21T06:31:36.000Z",
    "note": "wakes up",
  },
  Object {
    "date": "1518-03-21T06:37:36.000Z",
    "note": "falls asleep",
  },
  Object {
    "date": "1518-03-21T06:41:36.000Z",
    "note": "wakes up",
  },
  Object {
    "date": "1518-03-22T05:44:36.000Z",
    "id": 631,
    "note": "begins shift",
  },
  Object {
    "date": "1518-03-22T05:53:36.000Z",
    "note": "falls asleep",
  },
  Object {
    "date": "1518-03-22T06:47:36.000Z",
    "note": "wakes up",
  },
  Object {
    "date": "1518-03-23T05:54:36.000Z",
    "id": 1367,
    "note": "begins shift",
  },
  Object {
    "date": "1518-03-23T05:59:36.000Z",
    "note": "falls asleep",
  },
  Object {
    "date": "1518-03-23T06:46:36.000Z",
    "note": "wakes up",
  },
  Object {
    "date": "1518-03-24T05:53:36.000Z",
    "id": 631,
    "note": "begins shift",
  },
  Object {
    "date": "1518-03-24T05:56:36.000Z",
    "note": "falls asleep",
  },
  Object {
    "date": "1518-03-24T06:36:36.000Z",
    "note": "wakes up",
  },
  Object {
    "date": "1518-03-25T05:38:36.000Z",
    "id": 1367,
    "note": "begins shift",
  },
  Object {
    "date": "1518-03-25T05:53:36.000Z",
    "note": "falls asleep",
  },
  Object {
    "date": "1518-03-25T06:32:36.000Z",
    "note": "wakes up",
  },
  Object {
    "date": "1518-03-26T05:40:36.000Z",
    "id": 269,
    "note": "begins shift",
  },
  Object {
    "date": "1518-03-26T05:50:36.000Z",
    "note": "falls asleep",
  },
  Object {
    "date": "1518-03-26T06:26:36.000Z",
    "note": "wakes up",
  },
  Object {
    "date": "1518-03-26T06:30:36.000Z",
    "note": "falls asleep",
  },
  Object {
    "date": "1518-03-26T06:32:36.000Z",
    "note": "wakes up",
  },
  Object {
    "date": "1518-03-27T05:53:36.000Z",
    "id": 1367,
    "note": "begins shift",
  },
  Object {
    "date": "1518-03-27T06:04:36.000Z",
    "note": "falls asleep",
  },
  Object {
    "date": "1518-03-27T06:14:36.000Z",
    "note": "wakes up",
  },
  Object {
    "date": "1518-03-27T06:22:36.000Z",
    "note": "falls asleep",
  },
  Object {
    "date": "1518-03-27T06:44:36.000Z",
    "note": "wakes up",
  },
  Object {
    "date": "1518-03-28T05:48:36.000Z",
    "id": 1367,
    "note": "begins shift",
  },
  Object {
    "date": "1518-03-28T05:56:36.000Z",
    "note": "falls asleep",
  },
  Object {
    "date": "1518-03-28T06:06:36.000Z",
    "note": "wakes up",
  },
  Object {
    "date": "1518-03-28T06:18:36.000Z",
    "note": "falls asleep",
  },
  Object {
    "date": "1518-03-28T06:49:36.000Z",
    "note": "wakes up",
  },
  Object {
    "date": "1518-03-29T05:54:36.000Z",
    "id": 773,
    "note": "begins shift",
  },
  Object {
    "date": "1518-03-29T06:02:36.000Z",
    "note": "falls asleep",
  },
  Object {
    "date": "1518-03-29T06:38:36.000Z",
    "note": "wakes up",
  },
  Object {
    "date": "1518-03-29T06:42:36.000Z",
    "note": "falls asleep",
  },
  Object {
    "date": "1518-03-29T06:45:36.000Z",
    "note": "wakes up",
  },
  Object {
    "date": "1518-03-30T05:47:36.000Z",
    "id": 677,
    "note": "begins shift",
  },
  Object {
    "date": "1518-03-30T06:16:36.000Z",
    "note": "falls asleep",
  },
  Object {
    "date": "1518-03-30T06:29:36.000Z",
    "note": "wakes up",
  },
  Object {
    "date": "1518-03-31T05:40:36.000Z",
    "id": 1291,
    "note": "begins shift",
  },
  Object {
    "date": "1518-03-31T05:51:36.000Z",
    "note": "falls asleep",
  },
  Object {
    "date": "1518-03-31T06:41:36.000Z",
    "note": "wakes up",
  },
  Object {
    "date": "1518-04-01T05:52:36.000Z",
    "id": 2749,
    "note": "begins shift",
  },
  Object {
    "date": "1518-04-01T06:14:36.000Z",
    "note": "falls asleep",
  },
  Object {
    "date": "1518-04-01T06:46:36.000Z",
    "note": "wakes up",
  },
  Object {
    "date": "1518-04-02T05:47:36.000Z",
    "id": 2749,
    "note": "begins shift",
  },
  Object {
    "date": "1518-04-02T06:10:36.000Z",
    "note": "falls asleep",
  },
  Object {
    "date": "1518-04-02T06:41:36.000Z",
    "note": "wakes up",
  },
  Object {
    "date": "1518-04-03T05:50:36.000Z",
    "id": 3557,
    "note": "begins shift",
  },
  Object {
    "date": "1518-04-03T06:04:36.000Z",
    "note": "falls asleep",
  },
  Object {
    "date": "1518-04-03T06:46:36.000Z",
    "note": "wakes up",
  },
  Object {
    "date": "1518-04-04T05:53:36.000Z",
    "id": 433,
    "note": "begins shift",
  },
  Object {
    "date": "1518-04-05T05:46:36.000Z",
    "id": 3041,
    "note": "begins shift",
  },
  Object {
    "date": "1518-04-05T06:03:36.000Z",
    "note": "falls asleep",
  },
  Object {
    "date": "1518-04-05T06:44:36.000Z",
    "note": "wakes up",
  },
  Object {
    "date": "1518-04-06T05:54:36.000Z",
    "id": 1367,
    "note": "begins shift",
  },
  Object {
    "date": "1518-04-06T06:09:36.000Z",
    "note": "falls asleep",
  },
  Object {
    "date": "1518-04-06T06:24:36.000Z",
    "note": "wakes up",
  },
  Object {
    "date": "1518-04-07T05:40:36.000Z",
    "id": 773,
    "note": "begins shift",
  },
  Object {
    "date": "1518-04-07T05:50:36.000Z",
    "note": "falls asleep",
  },
  Object {
    "date": "1518-04-07T06:38:36.000Z",
    "note": "wakes up",
  },
  Object {
    "date": "1518-04-08T05:41:36.000Z",
    "id": 3191,
    "note": "begins shift",
  },
  Object {
    "date": "1518-04-08T05:53:36.000Z",
    "note": "falls asleep",
  },
  Object {
    "date": "1518-04-08T06:05:36.000Z",
    "note": "wakes up",
  },
  Object {
    "date": "1518-04-09T05:48:36.000Z",
    "id": 269,
    "note": "begins shift",
  },
  Object {
    "date": "1518-04-09T06:04:36.000Z",
    "note": "falls asleep",
  },
  Object {
    "date": "1518-04-09T06:30:36.000Z",
    "note": "wakes up",
  },
  Object {
    "date": "1518-04-09T06:33:36.000Z",
    "note": "falls asleep",
  },
  Object {
    "date": "1518-04-09T06:35:36.000Z",
    "note": "wakes up",
  },
  Object {
    "date": "1518-04-10T05:48:36.000Z",
    "id": 3257,
    "note": "begins shift",
  },
  Object {
    "date": "1518-04-10T05:59:36.000Z",
    "note": "falls asleep",
  },
  Object {
    "date": "1518-04-10T06:24:36.000Z",
    "note": "wakes up",
  },
  Object {
    "date": "1518-04-10T06:41:36.000Z",
    "note": "falls asleep",
  },
  Object {
    "date": "1518-04-10T06:47:36.000Z",
    "note": "wakes up",
  },
  Object {
    "date": "1518-04-11T05:50:36.000Z",
    "id": 677,
    "note": "begins shift",
  },
  Object {
    "date": "1518-04-11T06:08:36.000Z",
    "note": "falls asleep",
  },
  Object {
    "date": "1518-04-11T06:34:36.000Z",
    "note": "wakes up",
  },
  Object {
    "date": "1518-04-12T05:50:36.000Z",
    "id": 449,
    "note": "begins shift",
  },
  Object {
    "date": "1518-04-12T06:03:36.000Z",
    "note": "falls asleep",
  },
  Object {
    "date": "1518-04-12T06:44:36.000Z",
    "note": "wakes up",
  },
  Object {
    "date": "1518-04-13T05:47:36.000Z",
    "id": 2539,
    "note": "begins shift",
  },
  Object {
    "date": "1518-04-13T06:02:36.000Z",
    "note": "falls asleep",
  },
  Object {
    "date": "1518-04-13T06:09:36.000Z",
    "note": "wakes up",
  },
  Object {
    "date": "1518-04-13T06:12:36.000Z",
    "note": "falls asleep",
  },
  Object {
    "date": "1518-04-13T06:37:36.000Z",
    "note": "wakes up",
  },
  Object {
    "date": "1518-04-13T06:43:36.000Z",
    "note": "falls asleep",
  },
  Object {
    "date": "1518-04-13T06:48:36.000Z",
    "note": "wakes up",
  },
  Object {
    "date": "1518-04-14T05:54:36.000Z",
    "id": 677,
    "note": "begins shift",
  },
  Object {
    "date": "1518-04-14T06:01:36.000Z",
    "note": "falls asleep",
  },
  Object {
    "date": "1518-04-14T06:44:36.000Z",
    "note": "wakes up",
  },
  Object {
    "date": "1518-04-15T05:52:36.000Z",
    "id": 1237,
    "note": "begins shift",
  },
  Object {
    "date": "1518-04-15T06:09:36.000Z",
    "note": "falls asleep",
  },
  Object {
    "date": "1518-04-15T06:37:36.000Z",
    "note": "wakes up",
  },
  Object {
    "date": "1518-04-16T05:50:36.000Z",
    "id": 1237,
    "note": "begins shift",
  },
  Object {
    "date": "1518-04-16T05:58:36.000Z",
    "note": "falls asleep",
  },
  Object {
    "date": "1518-04-16T06:30:36.000Z",
    "note": "wakes up",
  },
  Object {
    "date": "1518-04-16T06:38:36.000Z",
    "note": "falls asleep",
  },
  Object {
    "date": "1518-04-16T06:46:36.000Z",
    "note": "wakes up",
  },
  Object {
    "date": "1518-04-17T05:50:36.000Z",
    "id": 269,
    "note": "begins shift",
  },
  Object {
    "date": "1518-04-17T06:24:36.000Z",
    "note": "falls asleep",
  },
  Object {
    "date": "1518-04-17T06:27:36.000Z",
    "note": "wakes up",
  },
  Object {
    "date": "1518-04-17T06:31:36.000Z",
    "note": "falls asleep",
  },
  Object {
    "date": "1518-04-17T06:45:36.000Z",
    "note": "wakes up",
  },
  Object {
    "date": "1518-04-18T05:50:36.000Z",
    "id": 863,
    "note": "begins shift",
  },
  Object {
    "date": "1518-04-18T06:14:36.000Z",
    "note": "falls asleep",
  },
  Object {
    "date": "1518-04-18T06:48:36.000Z",
    "note": "wakes up",
  },
  Object {
    "date": "1518-04-19T05:36:36.000Z",
    "id": 1873,
    "note": "begins shift",
  },
  Object {
    "date": "1518-04-19T05:52:36.000Z",
    "note": "falls asleep",
  },
  Object {
    "date": "1518-04-19T06:01:36.000Z",
    "note": "wakes up",
  },
  Object {
    "date": "1518-04-19T06:08:36.000Z",
    "note": "falls asleep",
  },
  Object {
    "date": "1518-04-19T06:25:36.000Z",
    "note": "wakes up",
  },
  Object {
    "date": "1518-04-19T06:43:36.000Z",
    "note": "falls asleep",
  },
  Object {
    "date": "1518-04-19T06:49:36.000Z",
    "note": "wakes up",
  },
  Object {
    "date": "1518-04-20T05:49:36.000Z",
    "id": 2749,
    "note": "begins shift",
  },
  Object {
    "date": "1518-04-20T06:15:36.000Z",
    "note": "falls asleep",
  },
  Object {
    "date": "1518-04-20T06:29:36.000Z",
    "note": "wakes up",
  },
  Object {
    "date": "1518-04-21T05:50:36.000Z",
    "id": 2539,
    "note": "begins shift",
  },
  Object {
    "date": "1518-04-21T06:11:36.000Z",
    "note": "falls asleep",
  },
  Object {
    "date": "1518-04-21T06:41:36.000Z",
    "note": "wakes up",
  },
  Object {
    "date": "1518-04-22T05:51:36.000Z",
    "id": 677,
    "note": "begins shift",
  },
  Object {
    "date": "1518-04-22T06:15:36.000Z",
    "note": "falls asleep",
  },
  Object {
    "date": "1518-04-22T06:35:36.000Z",
    "note": "wakes up",
  },
  Object {
    "date": "1518-04-23T05:50:36.000Z",
    "id": 1367,
    "note": "begins shift",
  },
  Object {
    "date": "1518-04-23T06:13:36.000Z",
    "note": "falls asleep",
  },
  Object {
    "date": "1518-04-23T06:18:36.000Z",
    "note": "wakes up",
  },
  Object {
    "date": "1518-04-24T05:47:36.000Z",
    "id": 1237,
    "note": "begins shift",
  },
  Object {
    "date": "1518-04-24T06:00:36.000Z",
    "note": "falls asleep",
  },
  Object {
    "date": "1518-04-24T06:27:36.000Z",
    "note": "wakes up",
  },
  Object {
    "date": "1518-04-24T06:34:36.000Z",
    "note": "falls asleep",
  },
  Object {
    "date": "1518-04-24T06:42:36.000Z",
    "note": "wakes up",
  },
  Object {
    "date": "1518-04-25T05:50:36.000Z",
    "id": 3041,
    "note": "begins shift",
  },
  Object {
    "date": "1518-04-25T06:32:36.000Z",
    "note": "falls asleep",
  },
  Object {
    "date": "1518-04-25T06:48:36.000Z",
    "note": "wakes up",
  },
  Object {
    "date": "1518-04-26T05:46:36.000Z",
    "id": 2539,
    "note": "begins shift",
  },
  Object {
    "date": "1518-04-26T06:05:36.000Z",
    "note": "falls asleep",
  },
  Object {
    "date": "1518-04-26T06:34:36.000Z",
    "note": "wakes up",
  },
  Object {
    "date": "1518-04-27T05:48:36.000Z",
    "id": 1237,
    "note": "begins shift",
  },
  Object {
    "date": "1518-04-27T06:22:36.000Z",
    "note": "falls asleep",
  },
  Object {
    "date": "1518-04-27T06:44:36.000Z",
    "note": "wakes up",
  },
  Object {
    "date": "1518-04-28T05:48:36.000Z",
    "id": 2251,
    "note": "begins shift",
  },
  Object {
    "date": "1518-04-28T06:10:36.000Z",
    "note": "falls asleep",
  },
  Object {
    "date": "1518-04-28T06:45:36.000Z",
    "note": "wakes up",
  },
  Object {
    "date": "1518-04-29T05:52:36.000Z",
    "id": 1367,
    "note": "begins shift",
  },
  Object {
    "date": "1518-04-29T06:14:36.000Z",
    "note": "falls asleep",
  },
  Object {
    "date": "1518-04-29T06:21:36.000Z",
    "note": "wakes up",
  },
  Object {
    "date": "1518-04-29T06:24:36.000Z",
    "note": "falls asleep",
  },
  Object {
    "date": "1518-04-29T06:33:36.000Z",
    "note": "wakes up",
  },
  Object {
    "date": "1518-04-29T06:39:36.000Z",
    "note": "falls asleep",
  },
  Object {
    "date": "1518-04-29T06:48:36.000Z",
    "note": "wakes up",
  },
  Object {
    "date": "1518-04-30T05:50:36.000Z",
    "id": 433,
    "note": "begins shift",
  },
  Object {
    "date": "1518-05-01T05:50:36.000Z",
    "id": 3041,
    "note": "begins shift",
  },
  Object {
    "date": "1518-05-01T06:15:36.000Z",
    "note": "falls asleep",
  },
  Object {
    "date": "1518-05-01T06:35:36.000Z",
    "note": "wakes up",
  },
  Object {
    "date": "1518-05-01T06:39:36.000Z",
    "note": "falls asleep",
  },
  Object {
    "date": "1518-05-01T06:41:36.000Z",
    "note": "wakes up",
  },
  Object {
    "date": "1518-05-02T05:47:36.000Z",
    "id": 1291,
    "note": "begins shift",
  },
  Object {
    "date": "1518-05-02T06:12:36.000Z",
    "note": "falls asleep",
  },
  Object {
    "date": "1518-05-02T06:37:36.000Z",
    "note": "wakes up",
  },
  Object {
    "date": "1518-05-03T05:54:36.000Z",
    "id": 2699,
    "note": "begins shift",
  },
  Object {
    "date": "1518-05-03T06:40:36.000Z",
    "note": "falls asleep",
  },
  Object {
    "date": "1518-05-03T06:46:36.000Z",
    "note": "wakes up",
  },
  Object {
    "date": "1518-05-04T05:52:36.000Z",
    "id": 1873,
    "note": "begins shift",
  },
  Object {
    "date": "1518-05-04T06:11:36.000Z",
    "note": "falls asleep",
  },
  Object {
    "date": "1518-05-04T06:13:36.000Z",
    "note": "wakes up",
  },
  Object {
    "date": "1518-05-04T06:18:36.000Z",
    "note": "falls asleep",
  },
  Object {
    "date": "1518-05-04T06:36:36.000Z",
    "note": "wakes up",
  },
  Object {
    "date": "1518-05-05T05:47:36.000Z",
    "id": 631,
    "note": "begins shift",
  },
  Object {
    "date": "1518-05-05T06:02:36.000Z",
    "note": "falls asleep",
  },
  Object {
    "date": "1518-05-05T06:05:36.000Z",
    "note": "wakes up",
  },
  Object {
    "date": "1518-05-05T06:24:36.000Z",
    "note": "falls asleep",
  },
  Object {
    "date": "1518-05-05T06:26:36.000Z",
    "note": "wakes up",
  },
  Object {
    "date": "1518-05-05T06:32:36.000Z",
    "note": "falls asleep",
  },
  Object {
    "date": "1518-05-05T06:35:36.000Z",
    "note": "wakes up",
  },
  Object {
    "date": "1518-05-06T05:46:36.000Z",
    "id": 1873,
    "note": "begins shift",
  },
  Object {
    "date": "1518-05-06T06:34:36.000Z",
    "note": "falls asleep",
  },
  Object {
    "date": "1518-05-06T06:47:36.000Z",
    "note": "wakes up",
  },
  Object {
    "date": "1518-05-07T05:46:36.000Z",
    "id": 3257,
    "note": "begins shift",
  },
  Object {
    "date": "1518-05-07T06:16:36.000Z",
    "note": "falls asleep",
  },
  Object {
    "date": "1518-05-07T06:41:36.000Z",
    "note": "wakes up",
  },
  Object {
    "date": "1518-05-08T05:49:36.000Z",
    "id": 269,
    "note": "begins shift",
  },
  Object {
    "date": "1518-05-08T06:13:36.000Z",
    "note": "falls asleep",
  },
  Object {
    "date": "1518-05-08T06:32:36.000Z",
    "note": "wakes up",
  },
  Object {
    "date": "1518-05-09T05:46:36.000Z",
    "id": 3041,
    "note": "begins shift",
  },
  Object {
    "date": "1518-05-09T06:29:36.000Z",
    "note": "falls asleep",
  },
  Object {
    "date": "1518-05-09T06:34:36.000Z",
    "note": "wakes up",
  },
  Object {
    "date": "1518-05-09T06:47:36.000Z",
    "note": "falls asleep",
  },
  Object {
    "date": "1518-05-09T06:48:36.000Z",
    "note": "wakes up",
  },
  Object {
    "date": "1518-05-10T05:49:36.000Z",
    "id": 3257,
    "note": "begins shift",
  },
  Object {
    "date": "1518-05-10T06:36:36.000Z",
    "note": "falls asleep",
  },
  Object {
    "date": "1518-05-10T06:46:36.000Z",
    "note": "wakes up",
  },
  Object {
    "date": "1518-05-11T05:50:36.000Z",
    "id": 3557,
    "note": "begins shift",
  },
  Object {
    "date": "1518-05-11T06:19:36.000Z",
    "note": "falls asleep",
  },
  Object {
    "date": "1518-05-11T06:33:36.000Z",
    "note": "wakes up",
  },
  Object {
    "date": "1518-05-12T05:52:36.000Z",
    "id": 3557,
    "note": "begins shift",
  },
  Object {
    "date": "1518-05-12T06:20:36.000Z",
    "note": "falls asleep",
  },
  Object {
    "date": "1518-05-12T06:36:36.000Z",
    "note": "wakes up",
  },
  Object {
    "date": "1518-05-13T05:40:36.000Z",
    "id": 677,
    "note": "begins shift",
  },
  Object {
    "date": "1518-05-13T05:50:36.000Z",
    "note": "falls asleep",
  },
  Object {
    "date": "1518-05-13T06:25:36.000Z",
    "note": "wakes up",
  },
  Object {
    "date": "1518-05-13T06:40:36.000Z",
    "note": "falls asleep",
  },
  Object {
    "date": "1518-05-13T06:41:36.000Z",
    "note": "wakes up",
  },
  Object {
    "date": "1518-05-14T05:49:36.000Z",
    "id": 3257,
    "note": "begins shift",
  },
  Object {
    "date": "1518-05-14T06:25:36.000Z",
    "note": "falls asleep",
  },
  Object {
    "date": "1518-05-14T06:39:36.000Z",
    "note": "wakes up",
  },
  Object {
    "date": "1518-05-15T05:46:36.000Z",
    "id": 863,
    "note": "begins shift",
  },
  Object {
    "date": "1518-05-15T06:06:36.000Z",
    "note": "falls asleep",
  },
  Object {
    "date": "1518-05-15T06:14:36.000Z",
    "note": "wakes up",
  },
  Object {
    "date": "1518-05-15T06:46:36.000Z",
    "note": "falls asleep",
  },
  Object {
    "date": "1518-05-15T06:48:36.000Z",
    "note": "wakes up",
  },
  Object {
    "date": "1518-05-16T05:50:36.000Z",
    "id": 1291,
    "note": "begins shift",
  },
  Object {
    "date": "1518-05-16T06:18:36.000Z",
    "note": "falls asleep",
  },
  Object {
    "date": "1518-05-16T06:45:36.000Z",
    "note": "wakes up",
  },
  Object {
    "date": "1518-05-17T05:52:36.000Z",
    "id": 1237,
    "note": "begins shift",
  },
  Object {
    "date": "1518-05-17T06:13:36.000Z",
    "note": "falls asleep",
  },
  Object {
    "date": "1518-05-17T06:34:36.000Z",
    "note": "wakes up",
  },
  Object {
    "date": "1518-05-17T06:40:36.000Z",
    "note": "falls asleep",
  },
  Object {
    "date": "1518-05-17T06:49:36.000Z",
    "note": "wakes up",
  },
  Object {
    "date": "1518-05-18T05:51:36.000Z",
    "id": 1171,
    "note": "begins shift",
  },
  Object {
    "date": "1518-05-18T06:05:36.000Z",
    "note": "falls asleep",
  },
  Object {
    "date": "1518-05-18T06:30:36.000Z",
    "note": "wakes up",
  },
  Object {
    "date": "1518-05-19T05:47:36.000Z",
    "id": 269,
    "note": "begins shift",
  },
  Object {
    "date": "1518-05-19T06:27:36.000Z",
    "note": "falls asleep",
  },
  Object {
    "date": "1518-05-19T06:32:36.000Z",
    "note": "wakes up",
  },
  Object {
    "date": "1518-05-19T06:40:36.000Z",
    "note": "falls asleep",
  },
  Object {
    "date": "1518-05-19T06:46:36.000Z",
    "note": "wakes up",
  },
  Object {
    "date": "1518-05-20T05:52:36.000Z",
    "id": 2749,
    "note": "begins shift",
  },
  Object {
    "date": "1518-05-20T06:06:36.000Z",
    "note": "falls asleep",
  },
  Object {
    "date": "1518-05-20T06:22:36.000Z",
    "note": "wakes up",
  },
  Object {
    "date": "1518-05-20T06:45:36.000Z",
    "note": "falls asleep",
  },
  Object {
    "date": "1518-05-20T06:48:36.000Z",
    "note": "wakes up",
  },
  Object {
    "date": "1518-05-21T05:48:36.000Z",
    "id": 1237,
    "note": "begins shift",
  },
  Object {
    "date": "1518-05-21T06:23:36.000Z",
    "note": "falls asleep",
  },
  Object {
    "date": "1518-05-21T06:32:36.000Z",
    "note": "wakes up",
  },
  Object {
    "date": "1518-05-21T06:41:36.000Z",
    "note": "falls asleep",
  },
  Object {
    "date": "1518-05-21T06:49:36.000Z",
    "note": "wakes up",
  },
  Object {
    "date": "1518-05-22T05:49:36.000Z",
    "id": 863,
    "note": "begins shift",
  },
  Object {
    "date": "1518-05-22T06:04:36.000Z",
    "note": "falls asleep",
  },
  Object {
    "date": "1518-05-22T06:46:36.000Z",
    "note": "wakes up",
  },
  Object {
    "date": "1518-05-23T05:50:36.000Z",
    "id": 863,
    "note": "begins shift",
  },
  Object {
    "date": "1518-05-23T06:28:36.000Z",
    "note": "falls asleep",
  },
  Object {
    "date": "1518-05-23T06:29:36.000Z",
    "note": "wakes up",
  },
  Object {
    "date": "1518-05-23T06:40:36.000Z",
    "note": "falls asleep",
  },
  Object {
    "date": "1518-05-23T06:49:36.000Z",
    "note": "wakes up",
  },
  Object {
    "date": "1518-05-24T05:43:36.000Z",
    "id": 3557,
    "note": "begins shift",
  },
  Object {
    "date": "1518-05-24T05:50:36.000Z",
    "note": "falls asleep",
  },
  Object {
    "date": "1518-05-24T06:32:36.000Z",
    "note": "wakes up",
  },
  Object {
    "date": "1518-05-24T06:47:36.000Z",
    "note": "falls asleep",
  },
  Object {
    "date": "1518-05-24T06:49:36.000Z",
    "note": "wakes up",
  },
  Object {
    "date": "1518-05-25T05:37:36.000Z",
    "id": 2791,
    "note": "begins shift",
  },
  Object {
    "date": "1518-05-25T05:54:36.000Z",
    "note": "falls asleep",
  },
  Object {
    "date": "1518-05-25T06:21:36.000Z",
    "note": "wakes up",
  },
  Object {
    "date": "1518-05-25T06:31:36.000Z",
    "note": "falls asleep",
  },
  Object {
    "date": "1518-05-25T06:40:36.000Z",
    "note": "wakes up",
  },
  Object {
    "date": "1518-05-25T06:47:36.000Z",
    "note": "falls asleep",
  },
  Object {
    "date": "1518-05-25T06:48:36.000Z",
    "note": "wakes up",
  },
  Object {
    "date": "1518-05-26T05:50:36.000Z",
    "id": 3041,
    "note": "begins shift",
  },
  Object {
    "date": "1518-05-26T06:11:36.000Z",
    "note": "falls asleep",
  },
  Object {
    "date": "1518-05-26T06:17:36.000Z",
    "note": "wakes up",
  },
  Object {
    "date": "1518-05-26T06:33:36.000Z",
    "note": "falls asleep",
  },
  Object {
    "date": "1518-05-26T06:49:36.000Z",
    "note": "wakes up",
  },
  Object {
    "date": "1518-05-27T05:54:36.000Z",
    "id": 1291,
    "note": "begins shift",
  },
  Object {
    "date": "1518-05-27T05:59:36.000Z",
    "note": "falls asleep",
  },
  Object {
    "date": "1518-05-27T06:39:36.000Z",
    "note": "wakes up",
  },
  Object {
    "date": "1518-05-27T06:45:36.000Z",
    "note": "falls asleep",
  },
  Object {
    "date": "1518-05-27T06:47:36.000Z",
    "note": "wakes up",
  },
  Object {
    "date": "1518-05-28T05:41:36.000Z",
    "id": 2749,
    "note": "begins shift",
  },
  Object {
    "date": "1518-05-28T05:54:36.000Z",
    "note": "falls asleep",
  },
  Object {
    "date": "1518-05-28T06:49:36.000Z",
    "note": "wakes up",
  },
  Object {
    "date": "1518-05-29T05:52:36.000Z",
    "id": 631,
    "note": "begins shift",
  },
  Object {
    "date": "1518-05-29T06:11:36.000Z",
    "note": "falls asleep",
  },
  Object {
    "date": "1518-05-29T06:26:36.000Z",
    "note": "wakes up",
  },
  Object {
    "date": "1518-05-30T05:53:36.000Z",
    "id": 1171,
    "note": "begins shift",
  },
  Object {
    "date": "1518-05-30T06:22:36.000Z",
    "note": "falls asleep",
  },
  Object {
    "date": "1518-05-30T06:48:36.000Z",
    "note": "wakes up",
  },
  Object {
    "date": "1518-05-31T05:54:36.000Z",
    "id": 1291,
    "note": "begins shift",
  },
  Object {
    "date": "1518-05-31T06:12:36.000Z",
    "note": "falls asleep",
  },
  Object {
    "date": "1518-05-31T06:23:36.000Z",
    "note": "wakes up",
  },
  Object {
    "date": "1518-05-31T06:30:36.000Z",
    "note": "falls asleep",
  },
  Object {
    "date": "1518-05-31T06:31:36.000Z",
    "note": "wakes up",
  },
  Object {
    "date": "1518-06-01T05:54:36.000Z",
    "id": 1873,
    "note": "begins shift",
  },
  Object {
    "date": "1518-06-01T06:40:36.000Z",
    "note": "falls asleep",
  },
  Object {
    "date": "1518-06-01T06:42:36.000Z",
    "note": "wakes up",
  },
  Object {
    "date": "1518-06-02T05:47:36.000Z",
    "id": 631,
    "note": "begins shift",
  },
  Object {
    "date": "1518-06-02T06:25:36.000Z",
    "note": "falls asleep",
  },
  Object {
    "date": "1518-06-02T06:35:36.000Z",
    "note": "wakes up",
  },
  Object {
    "date": "1518-06-03T05:50:36.000Z",
    "id": 3041,
    "note": "begins shift",
  },
  Object {
    "date": "1518-06-03T06:00:36.000Z",
    "note": "falls asleep",
  },
  Object {
    "date": "1518-06-03T06:47:36.000Z",
    "note": "wakes up",
  },
  Object {
    "date": "1518-06-04T05:51:36.000Z",
    "id": 863,
    "note": "begins shift",
  },
  Object {
    "date": "1518-06-04T06:06:36.000Z",
    "note": "falls asleep",
  },
  Object {
    "date": "1518-06-04T06:47:36.000Z",
    "note": "wakes up",
  },
  Object {
    "date": "1518-06-05T05:47:36.000Z",
    "id": 449,
    "note": "begins shift",
  },
  Object {
    "date": "1518-06-05T06:13:36.000Z",
    "note": "falls asleep",
  },
  Object {
    "date": "1518-06-05T06:41:36.000Z",
    "note": "wakes up",
  },
  Object {
    "date": "1518-06-06T05:42:36.000Z",
    "id": 2539,
    "note": "begins shift",
  },
  Object {
    "date": "1518-06-06T05:55:36.000Z",
    "note": "falls asleep",
  },
  Object {
    "date": "1518-06-06T05:57:36.000Z",
    "note": "wakes up",
  },
  Object {
    "date": "1518-06-06T06:00:36.000Z",
    "note": "falls asleep",
  },
  Object {
    "date": "1518-06-06T06:41:36.000Z",
    "note": "wakes up",
  },
  Object {
    "date": "1518-06-07T05:50:36.000Z",
    "id": 3557,
    "note": "begins shift",
  },
  Object {
    "date": "1518-06-07T06:01:36.000Z",
    "note": "falls asleep",
  },
  Object {
    "date": "1518-06-07T06:04:36.000Z",
    "note": "wakes up",
  },
  Object {
    "date": "1518-06-07T06:07:36.000Z",
    "note": "falls asleep",
  },
  Object {
    "date": "1518-06-07T06:35:36.000Z",
    "note": "wakes up",
  },
  Object {
    "date": "1518-06-08T05:40:36.000Z",
    "id": 3557,
    "note": "begins shift",
  },
  Object {
    "date": "1518-06-08T05:54:36.000Z",
    "note": "falls asleep",
  },
  Object {
    "date": "1518-06-08T06:26:36.000Z",
    "note": "wakes up",
  },
  Object {
    "date": "1518-06-09T05:53:36.000Z",
    "id": 677,
    "note": "begins shift",
  },
  Object {
    "date": "1518-06-09T06:14:36.000Z",
    "note": "falls asleep",
  },
  Object {
    "date": "1518-06-09T06:23:36.000Z",
    "note": "wakes up",
  },
  Object {
    "date": "1518-06-10T05:52:36.000Z",
    "id": 2251,
    "note": "begins shift",
  },
  Object {
    "date": "1518-06-10T06:29:36.000Z",
    "note": "falls asleep",
  },
  Object {
    "date": "1518-06-10T06:47:36.000Z",
    "note": "wakes up",
  },
  Object {
    "date": "1518-06-11T05:48:36.000Z",
    "id": 449,
    "note": "begins shift",
  },
  Object {
    "date": "1518-06-11T06:12:36.000Z",
    "note": "falls asleep",
  },
  Object {
    "date": "1518-06-11T06:45:36.000Z",
    "note": "wakes up",
  },
  Object {
    "date": "1518-06-12T05:53:36.000Z",
    "id": 3019,
    "note": "begins shift",
  },
  Object {
    "date": "1518-06-13T05:54:36.000Z",
    "id": 269,
    "note": "begins shift",
  },
  Object {
    "date": "1518-06-13T06:29:36.000Z",
    "note": "falls asleep",
  },
  Object {
    "date": "1518-06-13T06:34:36.000Z",
    "note": "wakes up",
  },
  Object {
    "date": "1518-06-13T06:42:36.000Z",
    "note": "falls asleep",
  },
  Object {
    "date": "1518-06-13T06:45:36.000Z",
    "note": "wakes up",
  },
  Object {
    "date": "1518-06-14T05:53:36.000Z",
    "id": 3557,
    "note": "begins shift",
  },
  Object {
    "date": "1518-06-14T06:04:36.000Z",
    "note": "falls asleep",
  },
  Object {
    "date": "1518-06-14T06:42:36.000Z",
    "note": "wakes up",
  },
  Object {
    "date": "1518-06-15T05:50:36.000Z",
    "id": 3557,
    "note": "begins shift",
  },
  Object {
    "date": "1518-06-15T06:05:36.000Z",
    "note": "falls asleep",
  },
  Object {
    "date": "1518-06-15T06:31:36.000Z",
    "note": "wakes up",
  },
  Object {
    "date": "1518-06-15T06:41:36.000Z",
    "note": "falls asleep",
  },
  Object {
    "date": "1518-06-15T06:49:36.000Z",
    "note": "wakes up",
  },
  Object {
    "date": "1518-06-16T05:46:36.000Z",
    "id": 2699,
    "note": "begins shift",
  },
  Object {
    "date": "1518-06-16T06:02:36.000Z",
    "note": "falls asleep",
  },
  Object {
    "date": "1518-06-16T06:14:36.000Z",
    "note": "wakes up",
  },
  Object {
    "date": "1518-06-16T06:24:36.000Z",
    "note": "falls asleep",
  },
  Object {
    "date": "1518-06-16T06:48:36.000Z",
    "note": "wakes up",
  },
  Object {
    "date": "1518-06-17T05:47:36.000Z",
    "id": 2791,
    "note": "begins shift",
  },
  Object {
    "date": "1518-06-17T06:13:36.000Z",
    "note": "falls asleep",
  },
  Object {
    "date": "1518-06-17T06:17:36.000Z",
    "note": "wakes up",
  },
  Object {
    "date": "1518-06-17T06:25:36.000Z",
    "note": "falls asleep",
  },
  Object {
    "date": "1518-06-17T06:30:36.000Z",
    "note": "wakes up",
  },
  Object {
    "date": "1518-06-17T06:37:36.000Z",
    "note": "falls asleep",
  },
  Object {
    "date": "1518-06-17T06:48:36.000Z",
    "note": "wakes up",
  },
  Object {
    "date": "1518-06-18T05:50:36.000Z",
    "id": 269,
    "note": "begins shift",
  },
  Object {
    "date": "1518-06-18T06:25:36.000Z",
    "note": "falls asleep",
  },
  Object {
    "date": "1518-06-18T06:30:36.000Z",
    "note": "wakes up",
  },
  Object {
    "date": "1518-06-18T06:46:36.000Z",
    "note": "falls asleep",
  },
  Object {
    "date": "1518-06-18T06:47:36.000Z",
    "note": "wakes up",
  },
  Object {
    "date": "1518-06-19T05:46:36.000Z",
    "id": 1171,
    "note": "begins shift",
  },
  Object {
    "date": "1518-06-19T06:13:36.000Z",
    "note": "falls asleep",
  },
  Object {
    "date": "1518-06-19T06:45:36.000Z",
    "note": "wakes up",
  },
  Object {
    "date": "1518-06-20T05:54:36.000Z",
    "id": 3191,
    "note": "begins shift",
  },
  Object {
    "date": "1518-06-20T06:35:36.000Z",
    "note": "falls asleep",
  },
  Object {
    "date": "1518-06-20T06:39:36.000Z",
    "note": "wakes up",
  },
  Object {
    "date": "1518-06-20T06:47:36.000Z",
    "note": "falls asleep",
  },
  Object {
    "date": "1518-06-20T06:49:36.000Z",
    "note": "wakes up",
  },
  Object {
    "date": "1518-06-21T05:41:36.000Z",
    "id": 449,
    "note": "begins shift",
  },
  Object {
    "date": "1518-06-21T05:52:36.000Z",
    "note": "falls asleep",
  },
  Object {
    "date": "1518-06-21T06:13:36.000Z",
    "note": "wakes up",
  },
  Object {
    "date": "1518-06-22T05:53:36.000Z",
    "id": 3557,
    "note": "begins shift",
  },
  Object {
    "date": "1518-06-22T05:57:36.000Z",
    "note": "falls asleep",
  },
  Object {
    "date": "1518-06-22T06:32:36.000Z",
    "note": "wakes up",
  },
  Object {
    "date": "1518-06-23T05:54:36.000Z",
    "id": 3557,
    "note": "begins shift",
  },
  Object {
    "date": "1518-06-23T05:58:36.000Z",
    "note": "falls asleep",
  },
  Object {
    "date": "1518-06-23T06:19:36.000Z",
    "note": "wakes up",
  },
  Object {
    "date": "1518-06-24T05:46:36.000Z",
    "id": 1367,
    "note": "begins shift",
  },
  Object {
    "date": "1518-06-24T06:00:36.000Z",
    "note": "falls asleep",
  },
  Object {
    "date": "1518-06-24T06:45:36.000Z",
    "note": "wakes up",
  },
  Object {
    "date": "1518-06-25T05:47:36.000Z",
    "id": 3257,
    "note": "begins shift",
  },
  Object {
    "date": "1518-06-25T06:18:36.000Z",
    "note": "falls asleep",
  },
  Object {
    "date": "1518-06-25T06:48:36.000Z",
    "note": "wakes up",
  },
  Object {
    "date": "1518-06-26T05:50:36.000Z",
    "id": 3041,
    "note": "begins shift",
  },
  Object {
    "date": "1518-06-26T06:00:36.000Z",
    "note": "falls asleep",
  },
  Object {
    "date": "1518-06-26T06:22:36.000Z",
    "note": "wakes up",
  },
  Object {
    "date": "1518-06-26T06:27:36.000Z",
    "note": "falls asleep",
  },
  Object {
    "date": "1518-06-26T06:36:36.000Z",
    "note": "wakes up",
  },
  Object {
    "date": "1518-06-26T06:42:36.000Z",
    "note": "falls asleep",
  },
  Object {
    "date": "1518-06-26T06:44:36.000Z",
    "note": "wakes up",
  },
  Object {
    "date": "1518-06-27T05:50:36.000Z",
    "id": 3257,
    "note": "begins shift",
  },
  Object {
    "date": "1518-06-27T06:29:36.000Z",
    "note": "falls asleep",
  },
  Object {
    "date": "1518-06-27T06:32:36.000Z",
    "note": "wakes up",
  },
  Object {
    "date": "1518-06-27T06:39:36.000Z",
    "note": "falls asleep",
  },
  Object {
    "date": "1518-06-27T06:41:36.000Z",
    "note": "wakes up",
  },
  Object {
    "date": "1518-06-27T06:46:36.000Z",
    "note": "falls asleep",
  },
  Object {
    "date": "1518-06-27T06:49:36.000Z",
    "note": "wakes up",
  },
  Object {
    "date": "1518-06-28T05:49:36.000Z",
    "id": 3257,
    "note": "begins shift",
  },
  Object {
    "date": "1518-06-28T06:18:36.000Z",
    "note": "falls asleep",
  },
  Object {
    "date": "1518-06-28T06:44:36.000Z",
    "note": "wakes up",
  },
  Object {
    "date": "1518-06-29T05:44:36.000Z",
    "id": 1367,
    "note": "begins shift",
  },
  Object {
    "date": "1518-06-29T05:50:36.000Z",
    "note": "falls asleep",
  },
  Object {
    "date": "1518-06-29T06:29:36.000Z",
    "note": "wakes up",
  },
  Object {
    "date": "1518-06-29T06:38:36.000Z",
    "note": "falls asleep",
  },
  Object {
    "date": "1518-06-29T06:48:36.000Z",
    "note": "wakes up",
  },
  Object {
    "date": "1518-06-30T05:46:36.000Z",
    "id": 2539,
    "note": "begins shift",
  },
  Object {
    "date": "1518-06-30T06:00:36.000Z",
    "note": "falls asleep",
  },
  Object {
    "date": "1518-06-30T06:05:36.000Z",
    "note": "wakes up",
  },
  Object {
    "date": "1518-06-30T06:33:36.000Z",
    "note": "falls asleep",
  },
  Object {
    "date": "1518-06-30T06:38:36.000Z",
    "note": "wakes up",
  },
  Object {
    "date": "1518-06-30T06:41:36.000Z",
    "note": "falls asleep",
  },
  Object {
    "date": "1518-06-30T06:42:36.000Z",
    "note": "wakes up",
  },
  Object {
    "date": "1518-06-30T06:46:36.000Z",
    "note": "falls asleep",
  },
  Object {
    "date": "1518-06-30T06:48:36.000Z",
    "note": "wakes up",
  },
  Object {
    "date": "1518-07-01T05:49:36.000Z",
    "id": 1291,
    "note": "begins shift",
  },
  Object {
    "date": "1518-07-01T06:24:36.000Z",
    "note": "falls asleep",
  },
  Object {
    "date": "1518-07-01T06:42:36.000Z",
    "note": "wakes up",
  },
  Object {
    "date": "1518-07-02T05:48:36.000Z",
    "id": 3041,
    "note": "begins shift",
  },
  Object {
    "date": "1518-07-02T06:23:36.000Z",
    "note": "falls asleep",
  },
  Object {
    "date": "1518-07-02T06:32:36.000Z",
    "note": "wakes up",
  },
  Object {
    "date": "1518-07-03T05:47:36.000Z",
    "id": 2539,
    "note": "begins shift",
  },
  Object {
    "date": "1518-07-03T06:21:36.000Z",
    "note": "falls asleep",
  },
  Object {
    "date": "1518-07-03T06:31:36.000Z",
    "note": "wakes up",
  },
  Object {
    "date": "1518-07-04T05:47:36.000Z",
    "id": 449,
    "note": "begins shift",
  },
  Object {
    "date": "1518-07-04T06:13:36.000Z",
    "note": "falls asleep",
  },
  Object {
    "date": "1518-07-04T06:20:36.000Z",
    "note": "wakes up",
  },
  Object {
    "date": "1518-07-05T05:49:36.000Z",
    "id": 1171,
    "note": "begins shift",
  },
  Object {
    "date": "1518-07-05T05:56:36.000Z",
    "note": "falls asleep",
  },
  Object {
    "date": "1518-07-05T05:59:36.000Z",
    "note": "wakes up",
  },
  Object {
    "date": "1518-07-05T06:25:36.000Z",
    "note": "falls asleep",
  },
  Object {
    "date": "1518-07-05T06:27:36.000Z",
    "note": "wakes up",
  },
  Object {
    "date": "1518-07-05T06:44:36.000Z",
    "note": "falls asleep",
  },
  Object {
    "date": "1518-07-05T06:46:36.000Z",
    "note": "wakes up",
  },
  Object {
    "date": "1518-07-06T05:53:36.000Z",
    "id": 449,
    "note": "begins shift",
  },
  Object {
    "date": "1518-07-06T06:11:36.000Z",
    "note": "falls asleep",
  },
  Object {
    "date": "1518-07-06T06:15:36.000Z",
    "note": "wakes up",
  },
  Object {
    "date": "1518-07-07T05:49:36.000Z",
    "id": 3557,
    "note": "begins shift",
  },
  Object {
    "date": "1518-07-07T06:09:36.000Z",
    "note": "falls asleep",
  },
  Object {
    "date": "1518-07-07T06:28:36.000Z",
    "note": "wakes up",
  },
  Object {
    "date": "1518-07-07T06:33:36.000Z",
    "note": "falls asleep",
  },
  Object {
    "date": "1518-07-07T06:37:36.000Z",
    "note": "wakes up",
  },
  Object {
    "date": "1518-07-08T05:48:36.000Z",
    "id": 2699,
    "note": "begins shift",
  },
  Object {
    "date": "1518-07-08T06:18:36.000Z",
    "note": "falls asleep",
  },
  Object {
    "date": "1518-07-08T06:49:36.000Z",
    "note": "wakes up",
  },
  Object {
    "date": "1518-07-09T05:54:36.000Z",
    "id": 3257,
    "note": "begins shift",
  },
  Object {
    "date": "1518-07-09T05:58:36.000Z",
    "note": "falls asleep",
  },
  Object {
    "date": "1518-07-09T06:36:36.000Z",
    "note": "wakes up",
  },
  Object {
    "date": "1518-07-10T05:54:36.000Z",
    "id": 3257,
    "note": "begins shift",
  },
  Object {
    "date": "1518-07-10T06:44:36.000Z",
    "note": "falls asleep",
  },
  Object {
    "date": "1518-07-10T06:49:36.000Z",
    "note": "wakes up",
  },
  Object {
    "date": "1518-07-11T05:51:36.000Z",
    "id": 3191,
    "note": "begins shift",
  },
  Object {
    "date": "1518-07-11T06:19:36.000Z",
    "note": "falls asleep",
  },
  Object {
    "date": "1518-07-11T06:44:36.000Z",
    "note": "wakes up",
  },
  Object {
    "date": "1518-07-12T05:46:36.000Z",
    "id": 1171,
    "note": "begins shift",
  },
  Object {
    "date": "1518-07-12T06:39:36.000Z",
    "note": "falls asleep",
  },
  Object {
    "date": "1518-07-12T06:42:36.000Z",
    "note": "wakes up",
  },
  Object {
    "date": "1518-07-13T05:36:36.000Z",
    "id": 2699,
    "note": "begins shift",
  },
  Object {
    "date": "1518-07-13T05:50:36.000Z",
    "note": "falls asleep",
  },
  Object {
    "date": "1518-07-13T06:11:36.000Z",
    "note": "wakes up",
  },
  Object {
    "date": "1518-07-13T06:35:36.000Z",
    "note": "falls asleep",
  },
  Object {
    "date": "1518-07-13T06:45:36.000Z",
    "note": "wakes up",
  },
  Object {
    "date": "1518-07-14T05:52:36.000Z",
    "id": 3041,
    "note": "begins shift",
  },
  Object {
    "date": "1518-07-14T06:06:36.000Z",
    "note": "falls asleep",
  },
  Object {
    "date": "1518-07-14T06:29:36.000Z",
    "note": "wakes up",
  },
  Object {
    "date": "1518-07-14T06:32:36.000Z",
    "note": "falls asleep",
  },
  Object {
    "date": "1518-07-14T06:45:36.000Z",
    "note": "wakes up",
  },
  Object {
    "date": "1518-07-15T05:53:36.000Z",
    "id": 677,
    "note": "begins shift",
  },
  Object {
    "date": "1518-07-15T06:42:36.000Z",
    "note": "falls asleep",
  },
  Object {
    "date": "1518-07-15T06:45:36.000Z",
    "note": "wakes up",
  },
  Object {
    "date": "1518-07-16T05:51:36.000Z",
    "id": 1237,
    "note": "begins shift",
  },
  Object {
    "date": "1518-07-16T06:06:36.000Z",
    "note": "falls asleep",
  },
  Object {
    "date": "1518-07-16T06:28:36.000Z",
    "note": "wakes up",
  },
  Object {
    "date": "1518-07-17T05:51:36.000Z",
    "id": 3041,
    "note": "begins shift",
  },
  Object {
    "date": "1518-07-17T06:16:36.000Z",
    "note": "falls asleep",
  },
  Object {
    "date": "1518-07-17T06:39:36.000Z",
    "note": "wakes up",
  },
  Object {
    "date": "1518-07-18T05:50:36.000Z",
    "id": 1291,
    "note": "begins shift",
  },
  Object {
    "date": "1518-07-18T06:23:36.000Z",
    "note": "falls asleep",
  },
  Object {
    "date": "1518-07-18T06:49:36.000Z",
    "note": "wakes up",
  },
  Object {
    "date": "1518-07-19T05:52:36.000Z",
    "id": 1873,
    "note": "begins shift",
  },
  Object {
    "date": "1518-07-19T06:16:36.000Z",
    "note": "falls asleep",
  },
  Object {
    "date": "1518-07-19T06:20:36.000Z",
    "note": "wakes up",
  },
  Object {
    "date": "1518-07-19T06:33:36.000Z",
    "note": "falls asleep",
  },
  Object {
    "date": "1518-07-19T06:37:36.000Z",
    "note": "wakes up",
  },
  Object {
    "date": "1518-07-20T05:46:36.000Z",
    "id": 1237,
    "note": "begins shift",
  },
  Object {
    "date": "1518-07-20T06:31:36.000Z",
    "note": "falls asleep",
  },
  Object {
    "date": "1518-07-20T06:32:36.000Z",
    "note": "wakes up",
  },
  Object {
    "date": "1518-07-20T06:37:36.000Z",
    "note": "falls asleep",
  },
  Object {
    "date": "1518-07-20T06:40:36.000Z",
    "note": "wakes up",
  },
  Object {
    "date": "1518-07-20T06:43:36.000Z",
    "note": "falls asleep",
  },
  Object {
    "date": "1518-07-20T06:47:36.000Z",
    "note": "wakes up",
  },
  Object {
    "date": "1518-07-21T05:46:36.000Z",
    "id": 1873,
    "note": "begins shift",
  },
  Object {
    "date": "1518-07-21T06:08:36.000Z",
    "note": "falls asleep",
  },
  Object {
    "date": "1518-07-21T06:14:36.000Z",
    "note": "wakes up",
  },
  Object {
    "date": "1518-07-21T06:38:36.000Z",
    "note": "falls asleep",
  },
  Object {
    "date": "1518-07-21T06:39:36.000Z",
    "note": "wakes up",
  },
  Object {
    "date": "1518-07-22T05:37:36.000Z",
    "id": 677,
    "note": "begins shift",
  },
  Object {
    "date": "1518-07-22T05:54:36.000Z",
    "note": "falls asleep",
  },
  Object {
    "date": "1518-07-22T06:30:36.000Z",
    "note": "wakes up",
  },
  Object {
    "date": "1518-07-23T05:51:36.000Z",
    "id": 3257,
    "note": "begins shift",
  },
  Object {
    "date": "1518-07-23T06:11:36.000Z",
    "note": "falls asleep",
  },
  Object {
    "date": "1518-07-23T06:39:36.000Z",
    "note": "wakes up",
  },
  Object {
    "date": "1518-07-24T05:44:36.000Z",
    "id": 1237,
    "note": "begins shift",
  },
  Object {
    "date": "1518-07-24T05:50:36.000Z",
    "note": "falls asleep",
  },
  Object {
    "date": "1518-07-24T06:45:36.000Z",
    "note": "wakes up",
  },
  Object {
    "date": "1518-07-25T05:50:36.000Z",
    "id": 2251,
    "note": "begins shift",
  },
  Object {
    "date": "1518-07-25T06:12:36.000Z",
    "note": "falls asleep",
  },
  Object {
    "date": "1518-07-25T06:33:36.000Z",
    "note": "wakes up",
  },
  Object {
    "date": "1518-07-25T06:43:36.000Z",
    "note": "falls asleep",
  },
  Object {
    "date": "1518-07-25T06:46:36.000Z",
    "note": "wakes up",
  },
  Object {
    "date": "1518-07-26T05:43:36.000Z",
    "id": 863,
    "note": "begins shift",
  },
  Object {
    "date": "1518-07-26T05:53:36.000Z",
    "note": "falls asleep",
  },
  Object {
    "date": "1518-07-26T06:20:36.000Z",
    "note": "wakes up",
  },
  Object {
    "date": "1518-07-26T06:41:36.000Z",
    "note": "falls asleep",
  },
  Object {
    "date": "1518-07-26T06:48:36.000Z",
    "note": "wakes up",
  },
  Object {
    "date": "1518-07-27T05:48:36.000Z",
    "id": 3191,
    "note": "begins shift",
  },
  Object {
    "date": "1518-07-27T06:28:36.000Z",
    "note": "falls asleep",
  },
  Object {
    "date": "1518-07-27T06:47:36.000Z",
    "note": "wakes up",
  },
  Object {
    "date": "1518-07-28T05:54:36.000Z",
    "id": 631,
    "note": "begins shift",
  },
  Object {
    "date": "1518-07-28T06:23:36.000Z",
    "note": "falls asleep",
  },
  Object {
    "date": "1518-07-28T06:46:36.000Z",
    "note": "wakes up",
  },
  Object {
    "date": "1518-07-29T05:54:36.000Z",
    "id": 631,
    "note": "begins shift",
  },
  Object {
    "date": "1518-07-29T05:57:36.000Z",
    "note": "falls asleep",
  },
  Object {
    "date": "1518-07-29T06:24:36.000Z",
    "note": "wakes up",
  },
  Object {
    "date": "1518-07-29T06:30:36.000Z",
    "note": "falls asleep",
  },
  Object {
    "date": "1518-07-29T06:39:36.000Z",
    "note": "wakes up",
  },
  Object {
    "date": "1518-07-30T05:46:36.000Z",
    "id": 2749,
    "note": "begins shift",
  },
  Object {
    "date": "1518-07-30T06:11:36.000Z",
    "note": "falls asleep",
  },
  Object {
    "date": "1518-07-30T06:33:36.000Z",
    "note": "wakes up",
  },
  Object {
    "date": "1518-07-30T06:41:36.000Z",
    "note": "falls asleep",
  },
  Object {
    "date": "1518-07-30T06:43:36.000Z",
    "note": "wakes up",
  },
  Object {
    "date": "1518-07-30T06:47:36.000Z",
    "note": "falls asleep",
  },
  Object {
    "date": "1518-07-30T06:49:36.000Z",
    "note": "wakes up",
  },
  Object {
    "date": "1518-07-31T05:53:36.000Z",
    "id": 863,
    "note": "begins shift",
  },
  Object {
    "date": "1518-07-31T06:18:36.000Z",
    "note": "falls asleep",
  },
  Object {
    "date": "1518-07-31T06:25:36.000Z",
    "note": "wakes up",
  },
  Object {
    "date": "1518-07-31T06:34:36.000Z",
    "note": "falls asleep",
  },
  Object {
    "date": "1518-07-31T06:44:36.000Z",
    "note": "wakes up",
  },
  Object {
    "date": "1518-08-01T05:36:36.000Z",
    "id": 1171,
    "note": "begins shift",
  },
  Object {
    "date": "1518-08-01T05:53:36.000Z",
    "note": "falls asleep",
  },
  Object {
    "date": "1518-08-01T06:36:36.000Z",
    "note": "wakes up",
  },
  Object {
    "date": "1518-08-01T06:44:36.000Z",
    "note": "falls asleep",
  },
  Object {
    "date": "1518-08-01T06:48:36.000Z",
    "note": "wakes up",
  },
  Object {
    "date": "1518-08-02T05:52:36.000Z",
    "id": 1367,
    "note": "begins shift",
  },
  Object {
    "date": "1518-08-02T06:02:36.000Z",
    "note": "falls asleep",
  },
  Object {
    "date": "1518-08-02T06:35:36.000Z",
    "note": "wakes up",
  },
  Object {
    "date": "1518-08-03T05:47:36.000Z",
    "id": 1171,
    "note": "begins shift",
  },
  Object {
    "date": "1518-08-03T06:13:36.000Z",
    "note": "falls asleep",
  },
  Object {
    "date": "1518-08-03T06:33:36.000Z",
    "note": "wakes up",
  },
  Object {
    "date": "1518-08-03T06:37:36.000Z",
    "note": "falls asleep",
  },
  Object {
    "date": "1518-08-03T06:46:36.000Z",
    "note": "wakes up",
  },
  Object {
    "date": "1518-08-04T05:50:36.000Z",
    "id": 449,
    "note": "begins shift",
  },
  Object {
    "date": "1518-08-04T06:03:36.000Z",
    "note": "falls asleep",
  },
  Object {
    "date": "1518-08-04T06:18:36.000Z",
    "note": "wakes up",
  },
  Object {
    "date": "1518-08-05T05:47:36.000Z",
    "id": 1171,
    "note": "begins shift",
  },
  Object {
    "date": "1518-08-05T06:14:36.000Z",
    "note": "falls asleep",
  },
  Object {
    "date": "1518-08-05T06:46:36.000Z",
    "note": "wakes up",
  },
  Object {
    "date": "1518-08-06T05:46:36.000Z",
    "id": 2699,
    "note": "begins shift",
  },
  Object {
    "date": "1518-08-06T06:12:36.000Z",
    "note": "falls asleep",
  },
  Object {
    "date": "1518-08-06T06:15:36.000Z",
    "note": "wakes up",
  },
  Object {
    "date": "1518-08-07T05:46:36.000Z",
    "id": 3041,
    "note": "begins shift",
  },
  Object {
    "date": "1518-08-07T05:56:36.000Z",
    "note": "falls asleep",
  },
  Object {
    "date": "1518-08-07T06:41:36.000Z",
    "note": "wakes up",
  },
  Object {
    "date": "1518-08-08T05:46:36.000Z",
    "id": 2699,
    "note": "begins shift",
  },
  Object {
    "date": "1518-08-08T06:02:36.000Z",
    "note": "falls asleep",
  },
  Object {
    "date": "1518-08-08T06:39:36.000Z",
    "note": "wakes up",
  },
  Object {
    "date": "1518-08-08T06:43:36.000Z",
    "note": "falls asleep",
  },
  Object {
    "date": "1518-08-08T06:48:36.000Z",
    "note": "wakes up",
  },
  Object {
    "date": "1518-08-09T05:48:36.000Z",
    "id": 3557,
    "note": "begins shift",
  },
  Object {
    "date": "1518-08-09T06:24:36.000Z",
    "note": "falls asleep",
  },
  Object {
    "date": "1518-08-09T06:27:36.000Z",
    "note": "wakes up",
  },
  Object {
    "date": "1518-08-10T05:48:36.000Z",
    "id": 1873,
    "note": "begins shift",
  },
  Object {
    "date": "1518-08-10T06:15:36.000Z",
    "note": "falls asleep",
  },
  Object {
    "date": "1518-08-10T06:24:36.000Z",
    "note": "wakes up",
  },
  Object {
    "date": "1518-08-10T06:28:36.000Z",
    "note": "falls asleep",
  },
  Object {
    "date": "1518-08-10T06:49:36.000Z",
    "note": "wakes up",
  },
  Object {
    "date": "1518-08-11T05:46:36.000Z",
    "id": 3191,
    "note": "begins shift",
  },
  Object {
    "date": "1518-08-11T06:33:36.000Z",
    "note": "falls asleep",
  },
  Object {
    "date": "1518-08-11T06:46:36.000Z",
    "note": "wakes up",
  },
  Object {
    "date": "1518-08-12T05:39:36.000Z",
    "id": 2791,
    "note": "begins shift",
  },
  Object {
    "date": "1518-08-12T05:52:36.000Z",
    "note": "falls asleep",
  },
  Object {
    "date": "1518-08-12T06:06:36.000Z",
    "note": "wakes up",
  },
  Object {
    "date": "1518-08-13T05:52:36.000Z",
    "id": 449,
    "note": "begins shift",
  },
  Object {
    "date": "1518-08-13T05:59:36.000Z",
    "note": "falls asleep",
  },
  Object {
    "date": "1518-08-13T06:40:36.000Z",
    "note": "wakes up",
  },
  Object {
    "date": "1518-08-14T05:49:36.000Z",
    "id": 269,
    "note": "begins shift",
  },
  Object {
    "date": "1518-08-14T06:12:36.000Z",
    "note": "falls asleep",
  },
  Object {
    "date": "1518-08-14T06:23:36.000Z",
    "note": "wakes up",
  },
  Object {
    "date": "1518-08-14T06:29:36.000Z",
    "note": "falls asleep",
  },
  Object {
    "date": "1518-08-14T06:49:36.000Z",
    "note": "wakes up",
  },
  Object {
    "date": "1518-08-15T05:52:36.000Z",
    "id": 3257,
    "note": "begins shift",
  },
  Object {
    "date": "1518-08-15T06:41:36.000Z",
    "note": "falls asleep",
  },
  Object {
    "date": "1518-08-15T06:48:36.000Z",
    "note": "wakes up",
  },
  Object {
    "date": "1518-08-16T05:50:36.000Z",
    "id": 1291,
    "note": "begins shift",
  },
  Object {
    "date": "1518-08-16T06:00:36.000Z",
    "note": "falls asleep",
  },
  Object {
    "date": "1518-08-16T06:21:36.000Z",
    "note": "wakes up",
  },
  Object {
    "date": "1518-08-16T06:31:36.000Z",
    "note": "falls asleep",
  },
  Object {
    "date": "1518-08-16T06:32:36.000Z",
    "note": "wakes up",
  },
  Object {
    "date": "1518-08-16T06:37:36.000Z",
    "note": "falls asleep",
  },
  Object {
    "date": "1518-08-16T06:42:36.000Z",
    "note": "wakes up",
  },
  Object {
    "date": "1518-08-17T05:38:36.000Z",
    "id": 269,
    "note": "begins shift",
  },
  Object {
    "date": "1518-08-17T05:50:36.000Z",
    "note": "falls asleep",
  },
  Object {
    "date": "1518-08-17T06:17:36.000Z",
    "note": "wakes up",
  },
  Object {
    "date": "1518-08-17T06:20:36.000Z",
    "note": "falls asleep",
  },
  Object {
    "date": "1518-08-17T06:32:36.000Z",
    "note": "wakes up",
  },
  Object {
    "date": "1518-08-18T05:50:36.000Z",
    "id": 269,
    "note": "begins shift",
  },
  Object {
    "date": "1518-08-18T06:29:36.000Z",
    "note": "falls asleep",
  },
  Object {
    "date": "1518-08-18T06:42:36.000Z",
    "note": "wakes up",
  },
  Object {
    "date": "1518-08-19T05:52:36.000Z",
    "id": 449,
    "note": "begins shift",
  },
  Object {
    "date": "1518-08-19T06:09:36.000Z",
    "note": "falls asleep",
  },
  Object {
    "date": "1518-08-19T06:35:36.000Z",
    "note": "wakes up",
  },
  Object {
    "date": "1518-08-20T05:53:36.000Z",
    "id": 1873,
    "note": "begins shift",
  },
  Object {
    "date": "1518-08-20T06:00:36.000Z",
    "note": "falls asleep",
  },
  Object {
    "date": "1518-08-20T06:48:36.000Z",
    "note": "wakes up",
  },
  Object {
    "date": "1518-08-21T05:50:36.000Z",
    "id": 2539,
    "note": "begins shift",
  },
  Object {
    "date": "1518-08-21T06:07:36.000Z",
    "note": "falls asleep",
  },
  Object {
    "date": "1518-08-21T06:19:36.000Z",
    "note": "wakes up",
  },
  Object {
    "date": "1518-08-22T05:51:36.000Z",
    "id": 3019,
    "note": "begins shift",
  },
  Object {
    "date": "1518-08-23T05:39:36.000Z",
    "id": 2749,
    "note": "begins shift",
  },
  Object {
    "date": "1518-08-23T05:51:36.000Z",
    "note": "falls asleep",
  },
  Object {
    "date": "1518-08-23T06:12:36.000Z",
    "note": "wakes up",
  },
  Object {
    "date": "1518-08-23T06:17:36.000Z",
    "note": "falls asleep",
  },
  Object {
    "date": "1518-08-23T06:20:36.000Z",
    "note": "wakes up",
  },
  Object {
    "date": "1518-08-23T06:26:36.000Z",
    "note": "falls asleep",
  },
  Object {
    "date": "1518-08-23T06:27:36.000Z",
    "note": "wakes up",
  },
  Object {
    "date": "1518-08-24T05:42:36.000Z",
    "id": 2749,
    "note": "begins shift",
  },
  Object {
    "date": "1518-08-24T05:54:36.000Z",
    "note": "falls asleep",
  },
  Object {
    "date": "1518-08-24T06:47:36.000Z",
    "note": "wakes up",
  },
  Object {
    "date": "1518-08-25T05:51:36.000Z",
    "id": 773,
    "note": "begins shift",
  },
  Object {
    "date": "1518-08-25T06:15:36.000Z",
    "note": "falls asleep",
  },
  Object {
    "date": "1518-08-25T06:31:36.000Z",
    "note": "wakes up",
  },
  Object {
    "date": "1518-08-25T06:38:36.000Z",
    "note": "falls asleep",
  },
  Object {
    "date": "1518-08-25T06:42:36.000Z",
    "note": "wakes up",
  },
  Object {
    "date": "1518-08-26T05:47:36.000Z",
    "id": 2539,
    "note": "begins shift",
  },
  Object {
    "date": "1518-08-26T06:26:36.000Z",
    "note": "falls asleep",
  },
  Object {
    "date": "1518-08-26T06:32:36.000Z",
    "note": "wakes up",
  },
  Object {
    "date": "1518-08-27T05:53:36.000Z",
    "id": 3041,
    "note": "begins shift",
  },
  Object {
    "date": "1518-08-27T06:07:36.000Z",
    "note": "falls asleep",
  },
  Object {
    "date": "1518-08-27T06:08:36.000Z",
    "note": "wakes up",
  },
  Object {
    "date": "1518-08-27T06:15:36.000Z",
    "note": "falls asleep",
  },
  Object {
    "date": "1518-08-27T06:23:36.000Z",
    "note": "wakes up",
  },
  Object {
    "date": "1518-08-27T06:32:36.000Z",
    "note": "falls asleep",
  },
  Object {
    "date": "1518-08-27T06:42:36.000Z",
    "note": "wakes up",
  },
  Object {
    "date": "1518-08-28T05:48:36.000Z",
    "id": 1873,
    "note": "begins shift",
  },
  Object {
    "date": "1518-08-28T06:47:36.000Z",
    "note": "falls asleep",
  },
  Object {
    "date": "1518-08-28T06:49:36.000Z",
    "note": "wakes up",
  },
  Object {
    "date": "1518-08-29T05:50:36.000Z",
    "id": 2791,
    "note": "begins shift",
  },
  Object {
    "date": "1518-08-29T06:17:36.000Z",
    "note": "falls asleep",
  },
  Object {
    "date": "1518-08-29T06:34:36.000Z",
    "note": "wakes up",
  },
  Object {
    "date": "1518-08-29T06:42:36.000Z",
    "note": "falls asleep",
  },
  Object {
    "date": "1518-08-29T06:49:36.000Z",
    "note": "wakes up",
  },
  Object {
    "date": "1518-08-30T05:48:36.000Z",
    "id": 3041,
    "note": "begins shift",
  },
  Object {
    "date": "1518-08-30T06:01:36.000Z",
    "note": "falls asleep",
  },
  Object {
    "date": "1518-08-30T06:43:36.000Z",
    "note": "wakes up",
  },
  Object {
    "date": "1518-08-31T05:48:36.000Z",
    "id": 1237,
    "note": "begins shift",
  },
  Object {
    "date": "1518-08-31T06:25:36.000Z",
    "note": "falls asleep",
  },
  Object {
    "date": "1518-08-31T06:48:36.000Z",
    "note": "wakes up",
  },
  Object {
    "date": "1518-09-01T05:38:36.000Z",
    "id": 3041,
    "note": "begins shift",
  },
  Object {
    "date": "1518-09-01T05:53:36.000Z",
    "note": "falls asleep",
  },
  Object {
    "date": "1518-09-01T06:45:36.000Z",
    "note": "wakes up",
  },
  Object {
    "date": "1518-09-02T05:54:36.000Z",
    "id": 677,
    "note": "begins shift",
  },
  Object {
    "date": "1518-09-02T06:31:36.000Z",
    "note": "falls asleep",
  },
  Object {
    "date": "1518-09-02T06:36:36.000Z",
    "note": "wakes up",
  },
  Object {
    "date": "1518-09-03T05:50:36.000Z",
    "id": 3257,
    "note": "begins shift",
  },
  Object {
    "date": "1518-09-03T06:00:36.000Z",
    "note": "falls asleep",
  },
  Object {
    "date": "1518-09-03T06:25:36.000Z",
    "note": "wakes up",
  },
  Object {
    "date": "1518-09-03T06:32:36.000Z",
    "note": "falls asleep",
  },
  Object {
    "date": "1518-09-03T06:42:36.000Z",
    "note": "wakes up",
  },
  Object {
    "date": "1518-09-04T05:50:36.000Z",
    "id": 2251,
    "note": "begins shift",
  },
  Object {
    "date": "1518-09-04T06:05:36.000Z",
    "note": "falls asleep",
  },
  Object {
    "date": "1518-09-04T06:14:36.000Z",
    "note": "wakes up",
  },
  Object {
    "date": "1518-09-04T06:29:36.000Z",
    "note": "falls asleep",
  },
  Object {
    "date": "1518-09-04T06:41:36.000Z",
    "note": "wakes up",
  },
  Object {
    "date": "1518-09-05T05:41:36.000Z",
    "id": 2699,
    "note": "begins shift",
  },
  Object {
    "date": "1518-09-05T05:55:36.000Z",
    "note": "falls asleep",
  },
  Object {
    "date": "1518-09-05T06:15:36.000Z",
    "note": "wakes up",
  },
  Object {
    "date": "1518-09-06T05:51:36.000Z",
    "id": 2539,
    "note": "begins shift",
  },
  Object {
    "date": "1518-09-06T06:00:36.000Z",
    "note": "falls asleep",
  },
  Object {
    "date": "1518-09-06T06:38:36.000Z",
    "note": "wakes up",
  },
  Object {
    "date": "1518-09-07T05:54:36.000Z",
    "id": 269,
    "note": "begins shift",
  },
  Object {
    "date": "1518-09-07T06:09:36.000Z",
    "note": "falls asleep",
  },
  Object {
    "date": "1518-09-07T06:46:36.000Z",
    "note": "wakes up",
  },
  Object {
    "date": "1518-09-08T05:54:36.000Z",
    "id": 2791,
    "note": "begins shift",
  },
  Object {
    "date": "1518-09-08T06:18:36.000Z",
    "note": "falls asleep",
  },
  Object {
    "date": "1518-09-08T06:24:36.000Z",
    "note": "wakes up",
  },
  Object {
    "date": "1518-09-08T06:41:36.000Z",
    "note": "falls asleep",
  },
  Object {
    "date": "1518-09-08T06:43:36.000Z",
    "note": "wakes up",
  },
  Object {
    "date": "1518-09-09T05:51:36.000Z",
    "id": 1237,
    "note": "begins shift",
  },
  Object {
    "date": "1518-09-09T06:06:36.000Z",
    "note": "falls asleep",
  },
  Object {
    "date": "1518-09-09T06:47:36.000Z",
    "note": "wakes up",
  },
  Object {
    "date": "1518-09-10T05:52:36.000Z",
    "id": 2791,
    "note": "begins shift",
  },
  Object {
    "date": "1518-09-10T05:56:36.000Z",
    "note": "falls asleep",
  },
  Object {
    "date": "1518-09-10T06:05:36.000Z",
    "note": "wakes up",
  },
  Object {
    "date": "1518-09-10T06:46:36.000Z",
    "note": "falls asleep",
  },
  Object {
    "date": "1518-09-10T06:47:36.000Z",
    "note": "wakes up",
  },
  Object {
    "date": "1518-09-11T05:52:36.000Z",
    "id": 863,
    "note": "begins shift",
  },
  Object {
    "date": "1518-09-11T06:25:36.000Z",
    "note": "falls asleep",
  },
  Object {
    "date": "1518-09-11T06:36:36.000Z",
    "note": "wakes up",
  },
  Object {
    "date": "1518-09-11T06:39:36.000Z",
    "note": "falls asleep",
  },
  Object {
    "date": "1518-09-11T06:43:36.000Z",
    "note": "wakes up",
  },
  Object {
    "date": "1518-09-12T05:47:36.000Z",
    "id": 3019,
    "note": "begins shift",
  },
  Object {
    "date": "1518-09-13T05:50:36.000Z",
    "id": 2791,
    "note": "begins shift",
  },
  Object {
    "date": "1518-09-13T06:07:36.000Z",
    "note": "falls asleep",
  },
  Object {
    "date": "1518-09-13T06:26:36.000Z",
    "note": "wakes up",
  },
  Object {
    "date": "1518-09-13T06:38:36.000Z",
    "note": "falls asleep",
  },
  Object {
    "date": "1518-09-13T06:49:36.000Z",
    "note": "wakes up",
  },
  Object {
    "date": "1518-09-14T05:47:36.000Z",
    "id": 3257,
    "note": "begins shift",
  },
  Object {
    "date": "1518-09-14T06:27:36.000Z",
    "note": "falls asleep",
  },
  Object {
    "date": "1518-09-14T06:48:36.000Z",
    "note": "wakes up",
  },
  Object {
    "date": "1518-09-15T05:50:36.000Z",
    "id": 677,
    "note": "begins shift",
  },
  Object {
    "date": "1518-09-15T06:00:36.000Z",
    "note": "falls asleep",
  },
  Object {
    "date": "1518-09-15T06:29:36.000Z",
    "note": "wakes up",
  },
  Object {
    "date": "1518-09-15T06:33:36.000Z",
    "note": "falls asleep",
  },
  Object {
    "date": "1518-09-15T06:40:36.000Z",
    "note": "wakes up",
  },
  Object {
    "date": "1518-09-15T06:43:36.000Z",
    "note": "falls asleep",
  },
  Object {
    "date": "1518-09-15T06:46:36.000Z",
    "note": "wakes up",
  },
  Object {
    "date": "1518-09-16T05:54:36.000Z",
    "id": 1171,
    "note": "begins shift",
  },
  Object {
    "date": "1518-09-16T06:11:36.000Z",
    "note": "falls asleep",
  },
  Object {
    "date": "1518-09-16T06:43:36.000Z",
    "note": "wakes up",
  },
  Object {
    "date": "1518-09-16T06:47:36.000Z",
    "note": "falls asleep",
  },
  Object {
    "date": "1518-09-16T06:48:36.000Z",
    "note": "wakes up",
  },
  Object {
    "date": "1518-09-17T05:41:36.000Z",
    "id": 2699,
    "note": "begins shift",
  },
  Object {
    "date": "1518-09-17T05:50:36.000Z",
    "note": "falls asleep",
  },
  Object {
    "date": "1518-09-17T06:27:36.000Z",
    "note": "wakes up",
  },
  Object {
    "date": "1518-09-18T05:39:36.000Z",
    "id": 449,
    "note": "begins shift",
  },
  Object {
    "date": "1518-09-18T05:50:36.000Z",
    "note": "falls asleep",
  },
  Object {
    "date": "1518-09-18T06:26:36.000Z",
    "note": "wakes up",
  },
  Object {
    "date": "1518-09-18T06:38:36.000Z",
    "note": "falls asleep",
  },
  Object {
    "date": "1518-09-18T06:44:36.000Z",
    "note": "wakes up",
  },
  Object {
    "date": "1518-09-18T06:47:36.000Z",
    "note": "falls asleep",
  },
  Object {
    "date": "1518-09-18T06:49:36.000Z",
    "note": "wakes up",
  },
  Object {
    "date": "1518-09-19T05:54:36.000Z",
    "id": 3557,
    "note": "begins shift",
  },
  Object {
    "date": "1518-09-19T06:01:36.000Z",
    "note": "falls asleep",
  },
  Object {
    "date": "1518-09-19T06:38:36.000Z",
    "note": "wakes up",
  },
  Object {
    "date": "1518-09-19T06:43:36.000Z",
    "note": "falls asleep",
  },
  Object {
    "date": "1518-09-19T06:48:36.000Z",
    "note": "wakes up",
  },
  Object {
    "date": "1518-09-20T05:48:36.000Z",
    "id": 2749,
    "note": "begins shift",
  },
  Object {
    "date": "1518-09-20T06:00:36.000Z",
    "note": "falls asleep",
  },
  Object {
    "date": "1518-09-20T06:02:36.000Z",
    "note": "wakes up",
  },
  Object {
    "date": "1518-09-20T06:29:36.000Z",
    "note": "falls asleep",
  },
  Object {
    "date": "1518-09-20T06:41:36.000Z",
    "note": "wakes up",
  },
  Object {
    "date": "1518-09-21T05:50:36.000Z",
    "id": 2749,
    "note": "begins shift",
  },
  Object {
    "date": "1518-09-21T06:03:36.000Z",
    "note": "falls asleep",
  },
  Object {
    "date": "1518-09-21T06:28:36.000Z",
    "note": "wakes up",
  },
  Object {
    "date": "1518-09-21T06:35:36.000Z",
    "note": "falls asleep",
  },
  Object {
    "date": "1518-09-21T06:46:36.000Z",
    "note": "wakes up",
  },
  Object {
    "date": "1518-09-22T05:53:36.000Z",
    "id": 3557,
    "note": "begins shift",
  },
  Object {
    "date": "1518-09-22T06:00:36.000Z",
    "note": "falls asleep",
  },
  Object {
    "date": "1518-09-22T06:22:36.000Z",
    "note": "wakes up",
  },
  Object {
    "date": "1518-09-23T05:51:36.000Z",
    "id": 2791,
    "note": "begins shift",
  },
  Object {
    "date": "1518-09-23T05:59:36.000Z",
    "note": "falls asleep",
  },
  Object {
    "date": "1518-09-23T06:16:36.000Z",
    "note": "wakes up",
  },
  Object {
    "date": "1518-09-23T06:44:36.000Z",
    "note": "falls asleep",
  },
  Object {
    "date": "1518-09-23T06:47:36.000Z",
    "note": "wakes up",
  },
  Object {
    "date": "1518-09-24T05:50:36.000Z",
    "id": 449,
    "note": "begins shift",
  },
  Object {
    "date": "1518-09-24T06:09:36.000Z",
    "note": "falls asleep",
  },
  Object {
    "date": "1518-09-24T06:34:36.000Z",
    "note": "wakes up",
  },
  Object {
    "date": "1518-09-24T06:41:36.000Z",
    "note": "falls asleep",
  },
  Object {
    "date": "1518-09-24T06:42:36.000Z",
    "note": "wakes up",
  },
  Object {
    "date": "1518-09-25T05:39:36.000Z",
    "id": 1367,
    "note": "begins shift",
  },
  Object {
    "date": "1518-09-25T05:51:36.000Z",
    "note": "falls asleep",
  },
  Object {
    "date": "1518-09-25T06:26:36.000Z",
    "note": "wakes up",
  },
  Object {
    "date": "1518-09-25T06:30:36.000Z",
    "note": "falls asleep",
  },
  Object {
    "date": "1518-09-25T06:47:36.000Z",
    "note": "wakes up",
  },
  Object {
    "date": "1518-09-26T05:48:36.000Z",
    "id": 2539,
    "note": "begins shift",
  },
  Object {
    "date": "1518-09-26T06:29:36.000Z",
    "note": "falls asleep",
  },
  Object {
    "date": "1518-09-26T06:39:36.000Z",
    "note": "wakes up",
  },
  Object {
    "date": "1518-09-27T05:46:36.000Z",
    "id": 269,
    "note": "begins shift",
  },
  Object {
    "date": "1518-09-27T06:11:36.000Z",
    "note": "falls asleep",
  },
  Object {
    "date": "1518-09-27T06:31:36.000Z",
    "note": "wakes up",
  },
  Object {
    "date": "1518-09-28T05:43:36.000Z",
    "id": 449,
    "note": "begins shift",
  },
  Object {
    "date": "1518-09-28T05:50:36.000Z",
    "note": "falls asleep",
  },
  Object {
    "date": "1518-09-28T06:11:36.000Z",
    "note": "wakes up",
  },
  Object {
    "date": "1518-09-29T05:54:36.000Z",
    "id": 2699,
    "note": "begins shift",
  },
  Object {
    "date": "1518-09-29T06:03:36.000Z",
    "note": "falls asleep",
  },
  Object {
    "date": "1518-09-29T06:31:36.000Z",
    "note": "wakes up",
  },
  Object {
    "date": "1518-09-30T05:47:36.000Z",
    "id": 3191,
    "note": "begins shift",
  },
  Object {
    "date": "1518-09-30T05:58:36.000Z",
    "note": "falls asleep",
  },
  Object {
    "date": "1518-09-30T06:20:36.000Z",
    "note": "wakes up",
  },
  Object {
    "date": "1518-09-30T06:26:36.000Z",
    "note": "falls asleep",
  },
  Object {
    "date": "1518-09-30T06:46:36.000Z",
    "note": "wakes up",
  },
  Object {
    "date": "1518-10-01T05:52:36.000Z",
    "id": 3191,
    "note": "begins shift",
  },
  Object {
    "date": "1518-10-01T06:47:36.000Z",
    "note": "falls asleep",
  },
  Object {
    "date": "1518-10-01T06:49:36.000Z",
    "note": "wakes up",
  },
  Object {
    "date": "1518-10-02T05:54:36.000Z",
    "id": 3191,
    "note": "begins shift",
  },
  Object {
    "date": "1518-10-02T06:19:36.000Z",
    "note": "falls asleep",
  },
  Object {
    "date": "1518-10-02T06:48:36.000Z",
    "note": "wakes up",
  },
  Object {
    "date": "1518-10-03T05:50:36.000Z",
    "id": 3191,
    "note": "begins shift",
  },
  Object {
    "date": "1518-10-03T06:32:36.000Z",
    "note": "falls asleep",
  },
  Object {
    "date": "1518-10-03T06:36:36.000Z",
    "note": "wakes up",
  },
  Object {
    "date": "1518-10-04T05:50:36.000Z",
    "id": 3257,
    "note": "begins shift",
  },
  Object {
    "date": "1518-10-04T06:26:36.000Z",
    "note": "falls asleep",
  },
  Object {
    "date": "1518-10-04T06:35:36.000Z",
    "note": "wakes up",
  },
  Object {
    "date": "1518-10-05T05:48:36.000Z",
    "id": 2791,
    "note": "begins shift",
  },
  Object {
    "date": "1518-10-05T06:24:36.000Z",
    "note": "falls asleep",
  },
  Object {
    "date": "1518-10-05T06:48:36.000Z",
    "note": "wakes up",
  },
  Object {
    "date": "1518-10-06T05:46:36.000Z",
    "id": 1367,
    "note": "begins shift",
  },
  Object {
    "date": "1518-10-06T05:58:36.000Z",
    "note": "falls asleep",
  },
  Object {
    "date": "1518-10-06T06:24:36.000Z",
    "note": "wakes up",
  },
  Object {
    "date": "1518-10-07T05:48:36.000Z",
    "id": 269,
    "note": "begins shift",
  },
  Object {
    "date": "1518-10-07T06:28:36.000Z",
    "note": "falls asleep",
  },
  Object {
    "date": "1518-10-07T06:33:36.000Z",
    "note": "wakes up",
  },
  Object {
    "date": "1518-10-07T06:38:36.000Z",
    "note": "falls asleep",
  },
  Object {
    "date": "1518-10-07T06:44:36.000Z",
    "note": "wakes up",
  },
  Object {
    "date": "1518-10-08T05:51:36.000Z",
    "id": 773,
    "note": "begins shift",
  },
  Object {
    "date": "1518-10-08T06:14:36.000Z",
    "note": "falls asleep",
  },
  Object {
    "date": "1518-10-08T06:37:36.000Z",
    "note": "wakes up",
  },
  Object {
    "date": "1518-10-09T05:53:36.000Z",
    "id": 3557,
    "note": "begins shift",
  },
  Object {
    "date": "1518-10-09T06:05:36.000Z",
    "note": "falls asleep",
  },
  Object {
    "date": "1518-10-09T06:24:36.000Z",
    "note": "wakes up",
  },
  Object {
    "date": "1518-10-10T05:48:36.000Z",
    "id": 2749,
    "note": "begins shift",
  },
  Object {
    "date": "1518-10-10T06:09:36.000Z",
    "note": "falls asleep",
  },
  Object {
    "date": "1518-10-10T06:32:36.000Z",
    "note": "wakes up",
  },
  Object {
    "date": "1518-10-11T05:50:36.000Z",
    "id": 863,
    "note": "begins shift",
  },
  Object {
    "date": "1518-10-11T06:18:36.000Z",
    "note": "falls asleep",
  },
  Object {
    "date": "1518-10-11T06:46:36.000Z",
    "note": "wakes up",
  },
  Object {
    "date": "1518-10-12T05:40:36.000Z",
    "id": 269,
    "note": "begins shift",
  },
  Object {
    "date": "1518-10-12T05:55:36.000Z",
    "note": "falls asleep",
  },
  Object {
    "date": "1518-10-12T06:26:36.000Z",
    "note": "wakes up",
  },
  Object {
    "date": "1518-10-12T06:29:36.000Z",
    "note": "falls asleep",
  },
  Object {
    "date": "1518-10-12T06:38:36.000Z",
    "note": "wakes up",
  },
  Object {
    "date": "1518-10-13T05:49:36.000Z",
    "id": 239,
    "note": "begins shift",
  },
  Object {
    "date": "1518-10-14T05:46:36.000Z",
    "id": 2539,
    "note": "begins shift",
  },
  Object {
    "date": "1518-10-14T06:05:36.000Z",
    "note": "falls asleep",
  },
  Object {
    "date": "1518-10-14T06:29:36.000Z",
    "note": "wakes up",
  },
  Object {
    "date": "1518-10-14T06:41:36.000Z",
    "note": "falls asleep",
  },
  Object {
    "date": "1518-10-14T06:48:36.000Z",
    "note": "wakes up",
  },
  Object {
    "date": "1518-10-15T05:46:36.000Z",
    "id": 449,
    "note": "begins shift",
  },
  Object {
    "date": "1518-10-15T06:09:36.000Z",
    "note": "falls asleep",
  },
  Object {
    "date": "1518-10-15T06:36:36.000Z",
    "note": "wakes up",
  },
  Object {
    "date": "1518-10-16T05:40:36.000Z",
    "id": 3041,
    "note": "begins shift",
  },
  Object {
    "date": "1518-10-16T05:51:36.000Z",
    "note": "falls asleep",
  },
  Object {
    "date": "1518-10-16T06:00:36.000Z",
    "note": "wakes up",
  },
  Object {
    "date": "1518-10-16T06:04:36.000Z",
    "note": "falls asleep",
  },
  Object {
    "date": "1518-10-16T06:06:36.000Z",
    "note": "wakes up",
  },
  Object {
    "date": "1518-10-16T06:13:36.000Z",
    "note": "falls asleep",
  },
  Object {
    "date": "1518-10-16T06:23:36.000Z",
    "note": "wakes up",
  },
  Object {
    "date": "1518-10-16T06:30:36.000Z",
    "note": "falls asleep",
  },
  Object {
    "date": "1518-10-16T06:45:36.000Z",
    "note": "wakes up",
  },
  Object {
    "date": "1518-10-17T05:50:36.000Z",
    "id": 773,
    "note": "begins shift",
  },
  Object {
    "date": "1518-10-17T06:09:36.000Z",
    "note": "falls asleep",
  },
  Object {
    "date": "1518-10-17T06:11:36.000Z",
    "note": "wakes up",
  },
  Object {
    "date": "1518-10-17T06:40:36.000Z",
    "note": "falls asleep",
  },
  Object {
    "date": "1518-10-17T06:45:36.000Z",
    "note": "wakes up",
  },
  Object {
    "date": "1518-10-18T05:48:36.000Z",
    "id": 863,
    "note": "begins shift",
  },
  Object {
    "date": "1518-10-18T06:25:36.000Z",
    "note": "falls asleep",
  },
  Object {
    "date": "1518-10-18T06:49:36.000Z",
    "note": "wakes up",
  },
  Object {
    "date": "1518-10-19T05:54:36.000Z",
    "id": 3557,
    "note": "begins shift",
  },
  Object {
    "date": "1518-10-19T06:20:36.000Z",
    "note": "falls asleep",
  },
  Object {
    "date": "1518-10-19T06:21:36.000Z",
    "note": "wakes up",
  },
  Object {
    "date": "1518-10-19T06:32:36.000Z",
    "note": "falls asleep",
  },
  Object {
    "date": "1518-10-19T06:35:36.000Z",
    "note": "wakes up",
  },
  Object {
    "date": "1518-10-19T06:41:36.000Z",
    "note": "falls asleep",
  },
  Object {
    "date": "1518-10-19T06:45:36.000Z",
    "note": "wakes up",
  },
  Object {
    "date": "1518-10-20T05:47:36.000Z",
    "id": 1171,
    "note": "begins shift",
  },
  Object {
    "date": "1518-10-20T06:28:36.000Z",
    "note": "falls asleep",
  },
  Object {
    "date": "1518-10-20T06:48:36.000Z",
    "note": "wakes up",
  },
  Object {
    "date": "1518-10-21T05:50:36.000Z",
    "id": 2699,
    "note": "begins shift",
  },
  Object {
    "date": "1518-10-21T05:58:36.000Z",
    "note": "falls asleep",
  },
  Object {
    "date": "1518-10-21T06:23:36.000Z",
    "note": "wakes up",
  },
  Object {
    "date": "1518-10-21T06:36:36.000Z",
    "note": "falls asleep",
  },
  Object {
    "date": "1518-10-21T06:48:36.000Z",
    "note": "wakes up",
  },
  Object {
    "date": "1518-10-22T05:50:36.000Z",
    "id": 3257,
    "note": "begins shift",
  },
  Object {
    "date": "1518-10-22T06:21:36.000Z",
    "note": "falls asleep",
  },
  Object {
    "date": "1518-10-22T06:43:36.000Z",
    "note": "wakes up",
  },
  Object {
    "date": "1518-10-23T05:47:36.000Z",
    "id": 269,
    "note": "begins shift",
  },
  Object {
    "date": "1518-10-23T06:26:36.000Z",
    "note": "falls asleep",
  },
  Object {
    "date": "1518-10-23T06:31:36.000Z",
    "note": "wakes up",
  },
  Object {
    "date": "1518-10-23T06:44:36.000Z",
    "note": "falls asleep",
  },
  Object {
    "date": "1518-10-23T06:48:36.000Z",
    "note": "wakes up",
  },
  Object {
    "date": "1518-10-24T05:49:36.000Z",
    "id": 3557,
    "note": "begins shift",
  },
  Object {
    "date": "1518-10-24T06:17:36.000Z",
    "note": "falls asleep",
  },
  Object {
    "date": "1518-10-24T06:31:36.000Z",
    "note": "wakes up",
  },
  Object {
    "date": "1518-10-24T06:43:36.000Z",
    "note": "falls asleep",
  },
  Object {
    "date": "1518-10-24T06:46:36.000Z",
    "note": "wakes up",
  },
  Object {
    "date": "1518-10-25T05:54:36.000Z",
    "id": 3557,
    "note": "begins shift",
  },
  Object {
    "date": "1518-10-25T06:02:36.000Z",
    "note": "falls asleep",
  },
  Object {
    "date": "1518-10-25T06:45:36.000Z",
    "note": "wakes up",
  },
  Object {
    "date": "1518-10-26T05:47:36.000Z",
    "id": 1367,
    "note": "begins shift",
  },
  Object {
    "date": "1518-10-26T06:41:36.000Z",
    "note": "falls asleep",
  },
  Object {
    "date": "1518-10-26T06:43:36.000Z",
    "note": "wakes up",
  },
  Object {
    "date": "1518-10-26T06:47:36.000Z",
    "note": "falls asleep",
  },
  Object {
    "date": "1518-10-26T06:48:36.000Z",
    "note": "wakes up",
  },
  Object {
    "date": "1518-10-27T05:50:36.000Z",
    "id": 1367,
    "note": "begins shift",
  },
  Object {
    "date": "1518-10-27T06:20:36.000Z",
    "note": "falls asleep",
  },
  Object {
    "date": "1518-10-27T06:27:36.000Z",
    "note": "wakes up",
  },
  Object {
    "date": "1518-10-27T06:35:36.000Z",
    "note": "falls asleep",
  },
  Object {
    "date": "1518-10-27T06:47:36.000Z",
    "note": "wakes up",
  },
  Object {
    "date": "1518-10-28T05:54:36.000Z",
    "id": 3191,
    "note": "begins shift",
  },
  Object {
    "date": "1518-10-28T06:42:36.000Z",
    "note": "falls asleep",
  },
  Object {
    "date": "1518-10-28T06:46:36.000Z",
    "note": "wakes up",
  },
  Object {
    "date": "1518-10-29T05:39:36.000Z",
    "id": 1367,
    "note": "begins shift",
  },
  Object {
    "date": "1518-10-29T05:54:36.000Z",
    "note": "falls asleep",
  },
  Object {
    "date": "1518-10-29T06:22:36.000Z",
    "note": "wakes up",
  },
  Object {
    "date": "1518-10-29T06:26:36.000Z",
    "note": "falls asleep",
  },
  Object {
    "date": "1518-10-29T06:46:36.000Z",
    "note": "wakes up",
  },
  Object {
    "date": "1518-10-30T05:54:36.000Z",
    "id": 677,
    "note": "begins shift",
  },
  Object {
    "date": "1518-10-30T06:31:36.000Z",
    "note": "falls asleep",
  },
  Object {
    "date": "1518-10-30T06:39:36.000Z",
    "note": "wakes up",
  },
  Object {
    "date": "1518-10-31T05:40:36.000Z",
    "id": 677,
    "note": "begins shift",
  },
  Object {
    "date": "1518-10-31T05:54:36.000Z",
    "note": "falls asleep",
  },
  Object {
    "date": "1518-10-31T06:20:36.000Z",
    "note": "wakes up",
  },
  Object {
    "date": "1518-10-31T06:23:36.000Z",
    "note": "falls asleep",
  },
  Object {
    "date": "1518-10-31T06:29:36.000Z",
    "note": "wakes up",
  },
  Object {
    "date": "1518-11-01T05:51:36.000Z",
    "id": 2539,
    "note": "begins shift",
  },
  Object {
    "date": "1518-11-01T05:58:36.000Z",
    "note": "falls asleep",
  },
  Object {
    "date": "1518-11-01T06:35:36.000Z",
    "note": "wakes up",
  },
  Object {
    "date": "1518-11-01T06:40:36.000Z",
    "note": "falls asleep",
  },
  Object {
    "date": "1518-11-01T06:47:36.000Z",
    "note": "wakes up",
  },
  Object {
    "date": "1518-11-02T05:52:36.000Z",
    "id": 269,
    "note": "begins shift",
  },
  Object {
    "date": "1518-11-02T06:14:36.000Z",
    "note": "falls asleep",
  },
  Object {
    "date": "1518-11-02T06:35:36.000Z",
    "note": "wakes up",
  },
  Object {
    "date": "1518-11-03T05:46:36.000Z",
    "id": 2251,
    "note": "begins shift",
  },
  Object {
    "date": "1518-11-03T06:08:36.000Z",
    "note": "falls asleep",
  },
  Object {
    "date": "1518-11-03T06:14:36.000Z",
    "note": "wakes up",
  },
  Object {
    "date": "1518-11-03T06:17:36.000Z",
    "note": "falls asleep",
  },
  Object {
    "date": "1518-11-03T06:23:36.000Z",
    "note": "wakes up",
  },
  Object {
    "date": "1518-11-03T06:37:36.000Z",
    "note": "falls asleep",
  },
  Object {
    "date": "1518-11-03T06:44:36.000Z",
    "note": "wakes up",
  },
  Object {
    "date": "1518-11-04T05:52:36.000Z",
    "id": 1367,
    "note": "begins shift",
  },
  Object {
    "date": "1518-11-04T05:56:36.000Z",
    "note": "falls asleep",
  },
  Object {
    "date": "1518-11-04T06:21:36.000Z",
    "note": "wakes up",
  },
  Object {
    "date": "1518-11-04T06:26:36.000Z",
    "note": "falls asleep",
  },
  Object {
    "date": "1518-11-04T06:37:36.000Z",
    "note": "wakes up",
  },
  Object {
    "date": "1518-11-04T06:42:36.000Z",
    "note": "falls asleep",
  },
  Object {
    "date": "1518-11-04T06:47:36.000Z",
    "note": "wakes up",
  },
  Object {
    "date": "1518-11-05T05:50:36.000Z",
    "id": 3257,
    "note": "begins shift",
  },
  Object {
    "date": "1518-11-05T06:01:36.000Z",
    "note": "falls asleep",
  },
  Object {
    "date": "1518-11-05T06:39:36.000Z",
    "note": "wakes up",
  },
  Object {
    "date": "1518-11-06T05:51:36.000Z",
    "id": 773,
    "note": "begins shift",
  },
  Object {
    "date": "1518-11-06T06:08:36.000Z",
    "note": "falls asleep",
  },
  Object {
    "date": "1518-11-06T06:21:36.000Z",
    "note": "wakes up",
  },
  Object {
    "date": "1518-11-06T06:34:36.000Z",
    "note": "falls asleep",
  },
  Object {
    "date": "1518-11-06T06:41:36.000Z",
    "note": "wakes up",
  },
  Object {
    "date": "1518-11-07T05:53:36.000Z",
    "id": 3257,
    "note": "begins shift",
  },
  Object {
    "date": "1518-11-07T06:01:36.000Z",
    "note": "falls asleep",
  },
  Object {
    "date": "1518-11-07T06:10:36.000Z",
    "note": "wakes up",
  },
  Object {
    "date": "1518-11-07T06:31:36.000Z",
    "note": "falls asleep",
  },
  Object {
    "date": "1518-11-07T06:45:36.000Z",
    "note": "wakes up",
  },
  Object {
    "date": "1518-11-08T05:54:36.000Z",
    "id": 2749,
    "note": "begins shift",
  },
  Object {
    "date": "1518-11-08T06:22:36.000Z",
    "note": "falls asleep",
  },
  Object {
    "date": "1518-11-08T06:44:36.000Z",
    "note": "wakes up",
  },
  Object {
    "date": "1518-11-08T06:47:36.000Z",
    "note": "falls asleep",
  },
  Object {
    "date": "1518-11-08T06:49:36.000Z",
    "note": "wakes up",
  },
  Object {
    "date": "1518-11-09T05:53:36.000Z",
    "id": 449,
    "note": "begins shift",
  },
  Object {
    "date": "1518-11-09T06:00:36.000Z",
    "note": "falls asleep",
  },
  Object {
    "date": "1518-11-09T06:11:36.000Z",
    "note": "wakes up",
  },
  Object {
    "date": "1518-11-10T05:51:36.000Z",
    "id": 2791,
    "note": "begins shift",
  },
  Object {
    "date": "1518-11-10T06:15:36.000Z",
    "note": "falls asleep",
  },
  Object {
    "date": "1518-11-10T06:28:36.000Z",
    "note": "wakes up",
  },
  Object {
    "date": "1518-11-11T05:49:36.000Z",
    "id": 3191,
    "note": "begins shift",
  },
  Object {
    "date": "1518-11-11T06:23:36.000Z",
    "note": "falls asleep",
  },
  Object {
    "date": "1518-11-11T06:29:36.000Z",
    "note": "wakes up",
  },
  Object {
    "date": "1518-11-11T06:34:36.000Z",
    "note": "falls asleep",
  },
  Object {
    "date": "1518-11-11T06:48:36.000Z",
    "note": "wakes up",
  },
  Object {
    "date": "1518-11-12T05:40:36.000Z",
    "id": 2749,
    "note": "begins shift",
  },
  Object {
    "date": "1518-11-12T05:50:36.000Z",
    "note": "falls asleep",
  },
  Object {
    "date": "1518-11-12T06:36:36.000Z",
    "note": "wakes up",
  },
  Object {
    "date": "1518-11-13T05:39:36.000Z",
    "id": 269,
    "note": "begins shift",
  },
  Object {
    "date": "1518-11-13T05:54:36.000Z",
    "note": "falls asleep",
  },
  Object {
    "date": "1518-11-13T06:05:36.000Z",
    "note": "wakes up",
  },
  Object {
    "date": "1518-11-13T06:29:36.000Z",
    "note": "falls asleep",
  },
  Object {
    "date": "1518-11-13T06:38:36.000Z",
    "note": "wakes up",
  },
  Object {
    "date": "1518-11-14T05:50:36.000Z",
    "id": 677,
    "note": "begins shift",
  },
  Object {
    "date": "1518-11-14T06:42:36.000Z",
    "note": "falls asleep",
  },
  Object {
    "date": "1518-11-14T06:43:36.000Z",
    "note": "wakes up",
  },
  Object {
    "date": "1518-11-14T06:47:36.000Z",
    "note": "falls asleep",
  },
  Object {
    "date": "1518-11-14T06:49:36.000Z",
    "note": "wakes up",
  },
  Object {
    "date": "1518-11-15T05:43:36.000Z",
    "id": 631,
    "note": "begins shift",
  },
  Object {
    "date": "1518-11-15T05:54:36.000Z",
    "note": "falls asleep",
  },
  Object {
    "date": "1518-11-15T06:27:36.000Z",
    "note": "wakes up",
  },
  Object {
    "date": "1518-11-16T05:54:36.000Z",
    "id": 3041,
    "note": "begins shift",
  },
  Object {
    "date": "1518-11-16T06:26:36.000Z",
    "note": "falls asleep",
  },
  Object {
    "date": "1518-11-16T06:37:36.000Z",
    "note": "wakes up",
  },
  Object {
    "date": "1518-11-17T05:51:36.000Z",
    "id": 3041,
    "note": "begins shift",
  },
  Object {
    "date": "1518-11-17T06:07:36.000Z",
    "note": "falls asleep",
  },
  Object {
    "date": "1518-11-17T06:31:36.000Z",
    "note": "wakes up",
  },
  Object {
    "date": "1518-11-18T05:48:36.000Z",
    "id": 1291,
    "note": "begins shift",
  },
  Object {
    "date": "1518-11-18T06:25:36.000Z",
    "note": "falls asleep",
  },
  Object {
    "date": "1518-11-18T06:42:36.000Z",
    "note": "wakes up",
  },
  Object {
    "date": "1518-11-19T05:54:36.000Z",
    "id": 239,
    "note": "begins shift",
  },
  Object {
    "date": "1518-11-20T05:50:36.000Z",
    "id": 2749,
    "note": "begins shift",
  },
  Object {
    "date": "1518-11-20T06:07:36.000Z",
    "note": "falls asleep",
  },
  Object {
    "date": "1518-11-20T06:18:36.000Z",
    "note": "wakes up",
  },
  Object {
    "date": "1518-11-20T06:28:36.000Z",
    "note": "falls asleep",
  },
  Object {
    "date": "1518-11-20T06:45:36.000Z",
    "note": "wakes up",
  },
  Object {
    "date": "1518-11-21T05:52:36.000Z",
    "id": 449,
    "note": "begins shift",
  },
  Object {
    "date": "1518-11-21T05:56:36.000Z",
    "note": "falls asleep",
  },
  Object {
    "date": "1518-11-21T06:22:36.000Z",
    "note": "wakes up",
  },
  Object {
    "date": "1518-11-22T05:39:36.000Z",
    "id": 2749,
    "note": "begins shift",
  },
  Object {
    "date": "1518-11-22T05:55:36.000Z",
    "note": "falls asleep",
  },
  Object {
    "date": "1518-11-22T06:22:36.000Z",
    "note": "wakes up",
  },
  Object {
    "date": "1518-11-22T06:27:36.000Z",
    "note": "falls asleep",
  },
  Object {
    "date": "1518-11-22T06:39:36.000Z",
    "note": "wakes up",
  },
  Object {
    "date": "1518-11-23T05:48:36.000Z",
    "id": 1237,
    "note": "begins shift",
  },
  Object {
    "date": "1518-11-23T06:04:36.000Z",
    "note": "falls asleep",
  },
  Object {
    "date": "1518-11-23T06:41:36.000Z",
    "note": "wakes up",
  },
]
`;

exports[`#toGuardRecord given part-1-case-1.txt it matches snapshot 1`] = `
Array [
  Object {
    "date": "1518-11-01T05:50:36.000Z",
    "id": 10,
    "note": "begins shift",
  },
  Object {
    "date": "1518-11-01T05:55:36.000Z",
    "note": "falls asleep",
  },
  Object {
    "date": "1518-11-01T06:15:36.000Z",
    "note": "wakes up",
  },
  Object {
    "date": "1518-11-01T06:20:36.000Z",
    "note": "falls asleep",
  },
  Object {
    "date": "1518-11-01T06:45:36.000Z",
    "note": "wakes up",
  },
  Object {
    "date": "1518-11-02T05:48:36.000Z",
    "id": 99,
    "note": "begins shift",
  },
  Object {
    "date": "1518-11-02T06:30:36.000Z",
    "note": "falls asleep",
  },
  Object {
    "date": "1518-11-02T06:40:36.000Z",
    "note": "wakes up",
  },
  Object {
    "date": "1518-11-03T05:55:36.000Z",
    "id": 10,
    "note": "begins shift",
  },
  Object {
    "date": "1518-11-03T06:14:36.000Z",
    "note": "falls asleep",
  },
  Object {
    "date": "1518-11-03T06:19:36.000Z",
    "note": "wakes up",
  },
  Object {
    "date": "1518-11-04T05:52:36.000Z",
    "id": 99,
    "note": "begins shift",
  },
  Object {
    "date": "1518-11-04T06:26:36.000Z",
    "note": "falls asleep",
  },
  Object {
    "date": "1518-11-04T06:36:36.000Z",
    "note": "wakes up",
  },
  Object {
    "date": "1518-11-05T05:53:36.000Z",
    "id": 99,
    "note": "begins shift",
  },
  Object {
    "date": "1518-11-05T06:35:36.000Z",
    "note": "falls asleep",
  },
  Object {
    "date": "1518-11-05T06:45:36.000Z",
    "note": "wakes up",
  },
]
`;
